09:30:12 INFO    http://127.0.0.1:8000 adresinde baslatiliyor
INFO:     Started server process [12868]
INFO:     Waiting for application startup.
09:30:12 INFO    Veritabani hazir: C:\Users\Lenovo\market-dominanter\trades.db
09:30:12 WARNING WALLET_PRIVATE_KEY yok - sadece PAPER modu kullanilabilir
09:30:12 INFO    [warn] PAPER modu aktif - gercek islem yapilmayacak
09:30:12 INFO    [info] Strateji modu: LEGACY
09:30:12 INFO    [success] Sunucu hazir
09:30:12 INFO    [warn] Takip edilen cuzdan yok - once skorlayip takibe alin
09:30:12 INFO    [info] Pozisyon takibi basladi
INFO:     Application startup complete.
INFO:     Uvicorn running on http://0.0.0.0:8000 (Press CTRL+C to quit)
09:30:13 INFO    [success] Helius websocket baglandi, pump.fun dinleniyor
INFO:     127.0.0.1:49518 - "GET /api/settings HTTP/1.1" 200 OK
09:30:13 INFO    [error] Stop loss: zaza (-72.7%)
09:30:13 INFO    [info] [PAPER] SATIS zaza stop_loss %100 -> 0.00153 SOL (fee 0.00103)
09:30:13 INFO    [error] [PAPER] zaza | stop_loss %100 | PnL -73.10% (-0.0095 SOL)
09:30:33 INFO    [info] Ayarlar kaydedildi
INFO:     127.0.0.1:49523 - "POST /api/settings HTTP/1.1" 200 OK
INFO:     127.0.0.1:49524 - "GET /api/settings HTTP/1.1" 200 OK
INFO:     127.0.0.1:49525 - "GET /api/settings HTTP/1.1" 200 OK
09:30:53 INFO    Paper gecmisi sifirlandi
09:30:53 INFO    [warn] Paper cuzdan sifirlandi: 2.2188 SOL ($200.00)
INFO:     127.0.0.1:49531 - "POST /api/paper/reset HTTP/1.1" 200 OK
09:32:12 INFO    [warn] Takip edilen cuzdan yok - once skorlayip takibe alin
09:34:12 INFO    [warn] Takip edilen cuzdan yok - once skorlayip takibe alin
09:36:12 INFO    [warn] Takip edilen cuzdan yok - once skorlayip takibe alin
09:38:12 INFO    [warn] Takip edilen cuzdan yok - once skorlayip takibe alin
09:40:12 INFO    [warn] Takip edilen cuzdan yok - once skorlayip takibe alin
09:42:12 INFO    [warn] Takip edilen cuzdan yok - once skorlayip takibe alin
09:44:12 INFO    [warn] Takip edilen cuzdan yok - once skorlayip takibe alin
09:46:12 INFO    [warn] Takip edilen cuzdan yok - once skorlayip takibe alin
09:48:12 INFO    [warn] Takip edilen cuzdan yok - once skorlayip takibe alin
09:50:12 INFO    [warn] Takip edilen cuzdan yok - once skorlayip takibe alin
09:50:57 INFO    [warn] Helius baglantisi koptu (ConnectionClosedError), 5s sonra tekrar denenecek
09:51:02 INFO    [success] Helius websocket baglandi, pump.fun dinleniyor
09:52:12 INFO    [warn] Takip edilen cuzdan yok - once skorlayip takibe alin
09:54:12 INFO    [warn] Takip edilen cuzdan yok - once skorlayip takibe alin
09:56:12 INFO    [warn] Takip edilen cuzdan yok - once skorlayip takibe alin
09:58:12 INFO    [warn] Takip edilen cuzdan yok - once skorlayip takibe alin
10:00:12 INFO    [warn] Takip edilen cuzdan yok - once skorlayip takibe alin
INFO:     127.0.0.1:49909 - "GET /api/coins/stats HTTP/1.1" 200 OK
10:02:12 INFO    [warn] Takip edilen cuzdan yok - once skorlayip takibe alin
10:02:21 INFO    [success] Bot BASLATILDI
INFO:     127.0.0.1:49920 - "POST /api/bot/start HTTP/1.1" 200 OK
10:02:34 INFO    [info] Yeni coin: FEANiWYFuv - analiz 90s sonra
10:02:54 INFO    [info] Ayarlar kaydedildi
INFO:     127.0.0.1:49925 - "POST /api/settings HTTP/1.1" 200 OK
INFO:     127.0.0.1:49926 - "GET /api/status HTTP/1.1" 200 OK
10:03:41 INFO    [info] Yeni coin: A6FiQSsc1X - analiz 90s sonra
10:03:46 INFO    [info] Ayarlar kaydedildi
INFO:     127.0.0.1:49936 - "POST /api/settings HTTP/1.1" 200 OK
10:04:05 INFO    [info] Yeni coin: CoZQrZSn2u - analiz 90s sonra
10:04:12 INFO    [warn] Takip edilen cuzdan yok - once skorlayip takibe alin
INFO:     127.0.0.1:49961 - "GET /api/status HTTP/1.1" 200 OK
10:04:44 INFO    [info] Yeni coin: DqsBz4S6rL - analiz 90s sonra
10:05:15 INFO    [info] Yeni coin: FV9yW7HVYA - analiz 90s sonra
10:05:38 INFO    [info] Yeni coin: ErUJdxGKWn - analiz 90s sonra
10:05:39 INFO    [info] Yeni coin: FQqWhEYQDX - analiz 90s sonra
10:05:59 INFO    [info] Yeni coin: 24xWTemgcN - analiz 90s sonra
10:06:12 INFO    [warn] Takip edilen cuzdan yok - once skorlayip takibe alin
10:06:17 INFO    [info] Yeni coin: 3Z9JB8vjvh - analiz 90s sonra
10:06:18 INFO    [info] Yeni coin: 6DLYWE1e6h - analiz 90s sonra
10:06:37 INFO    [info] Yeni coin: Dd8H3WWgSP - analiz 90s sonra
10:06:50 INFO    [info] Yeni coin: DJN891sJh6 - analiz 90s sonra
10:06:50 INFO    [info] Yeni coin: CLUCuiLoCc - analiz 90s sonra
10:06:52 INFO    [info] Yeni coin: EPjFWdd5Au - analiz 90s sonra
10:06:53 INFO    [info] Yeni coin: Hn2sdE7fmA - analiz 90s sonra
10:06:53 INFO    [success] [PAPER] ALINDI Beef & Cow Index - 0.1000 SOL @ $0.00000673 (slipaj %1.90, fee 0.00200 SOL)
INFO:     127.0.0.1:49996 - "GET /api/coins/stats HTTP/1.1" 200 OK
INFO:     127.0.0.1:49997 - "GET /api/positions HTTP/1.1" 200 OK
10:07:16 INFO    [info] Yeni coin: FvCCEQ5qic - analiz 90s sonra
10:07:17 INFO    [info] Yeni coin: Fn9SneHiJS - analiz 90s sonra
10:07:22 INFO    [info] Yeni coin: 9uPARaajYx - analiz 90s sonra
10:07:32 INFO    [info] Yeni coin: 7cxKJ5dmaM - analiz 90s sonra
10:07:33 INFO    [info] Yeni coin: 6QgQuLjQwT - analiz 90s sonra
10:07:34 INFO    [info] Yeni coin: 9to5TmpKyh - analiz 90s sonra
10:07:34 INFO    [info] Yeni coin: 52ZWBwXwby - analiz 90s sonra
10:07:36 INFO    [info] Yeni coin: 94nukwhXUh - analiz 90s sonra
10:07:58 INFO    [info] Yeni coin: AFbf1uAptj - analiz 90s sonra
10:08:12 INFO    [warn] Takip edilen cuzdan yok - once skorlayip takibe alin
10:08:19 INFO    [info] Yeni coin: ChfEPjZhZD - analiz 90s sonra
10:08:23 INFO    [info] Yeni coin: 24xXBNtfxD - analiz 90s sonra
10:08:32 WARNING RPC hiz limiti (429) - RPC_RPS dusurun veya plani yukseltin
10:08:32 INFO    [info] Yeni coin: 6yxsNVm7jh - analiz 90s sonra
10:08:40 WARNING RPC hiz limiti (429) - RPC_RPS dusurun veya plani yukseltin
10:08:48 WARNING RPC hiz limiti (429) - RPC_RPS dusurun veya plani yukseltin
10:08:54 INFO    [info] Yeni coin: AMbJEQivBD - analiz 90s sonra
10:08:55 WARNING RPC hiz limiti (429) - RPC_RPS dusurun veya plani yukseltin
10:08:59 INFO    [info] Yeni coin: AUXARKdLte - analiz 90s sonra
10:09:03 WARNING RPC hiz limiti (429) - RPC_RPS dusurun veya plani yukseltin
10:09:03 INFO    [info] Yeni coin: 8gzHVag4QE - analiz 90s sonra
10:09:09 INFO    [info] Yeni coin: 9vso3ZwJqu - analiz 90s sonra
10:09:09 INFO    [info] Yeni coin: DGptgFvZh3 - analiz 90s sonra
10:09:19 WARNING RPC hiz limiti (429) - RPC_RPS dusurun veya plani yukseltin
10:09:32 INFO    [info] Yeni coin: 6UNEdQwt4A - analiz 90s sonra
10:09:35 INFO    [info] Yeni coin: 8A7LZkomdH - analiz 90s sonra
