10:22:00 INFO    http://127.0.0.1:8000 adresinde baslatiliyor
INFO:     Started server process [14056]
INFO:     Waiting for application startup.
10:22:00 INFO    Veritabani hazir: C:\Users\Lenovo\market-dominanter\trades.db
10:22:00 WARNING WALLET_PRIVATE_KEY yok - sadece PAPER modu kullanilabilir
10:22:00 INFO    [warn] PAPER modu aktif - gercek islem yapilmayacak
10:22:00 INFO    [info] Strateji modu: LEGACY
10:22:00 INFO    [success] Sunucu hazir
10:22:00 INFO    [warn] Takip edilen cuzdan yok - once skorlayip takibe alin
10:22:00 INFO    [info] Pozisyon takibi basladi
INFO:     Application startup complete.
INFO:     Uvicorn running on http://0.0.0.0:8000 (Press CTRL+C to quit)
10:22:01 INFO    [success] Helius websocket baglandi, pump.fun dinleniyor
10:22:05 INFO    Paper gecmisi sifirlandi
10:22:05 INFO    [warn] Paper cuzdan sifirlandi: 2.2009 SOL ($200.00)
INFO:     127.0.0.1:50236 - "POST /api/paper/reset HTTP/1.1" 200 OK
10:22:05 INFO    [success] Bot BASLATILDI
INFO:     127.0.0.1:50237 - "POST /api/bot/start HTTP/1.1" 200 OK
INFO:     127.0.0.1:50238 - "GET /api/status HTTP/1.1" 200 OK
10:22:10 INFO    [info] Yeni coin: HM28NXDHXT - analiz 90s sonra
10:22:11 INFO    [info] Yeni coin: CQQhdoDbwx - analiz 90s sonra
10:22:21 INFO    [info] Yeni coin: DQxZjYhGY3 - analiz 90s sonra
10:22:38 INFO    [info] Yeni coin: 7GoVSBCc52 - analiz 90s sonra
10:22:38 INFO    [info] Yeni coin: A8Jfv5t8Ge - analiz 90s sonra
10:23:11 INFO    [info] Yeni coin: 5iknfW1wQ6 - analiz 90s sonra
10:23:11 INFO    [info] Yeni coin: EMUwVTitXr - analiz 90s sonra
10:23:11 INFO    [info] Yeni coin: 7Rx2QWXzBj - analiz 90s sonra
10:23:12 INFO    [info] Yeni coin: 3tP9ieEzkA - analiz 90s sonra
10:23:12 INFO    [info] Yeni coin: BJEXbWA9sm - analiz 90s sonra
10:23:12 INFO    [info] Yeni coin: 3ij41eEzCn - analiz 90s sonra
10:23:12 INFO    [info] Yeni coin: 66DNwCACcY - analiz 90s sonra
10:23:12 INFO    [info] Yeni coin: DfyXjnADKP - analiz 90s sonra
10:23:40 INFO    [info] Yeni coin: 8uAtJKJtYD - analiz 90s sonra
10:23:46 INFO    [info] Yeni coin: 66ARhY8wv8 - analiz 90s sonra
10:23:47 INFO    [info] Yeni coin: 53cvt4MgG4 - analiz 90s sonra
10:23:48 INFO    [info] Yeni coin: D7cRAfFPcL - analiz 90s sonra
10:23:51 INFO    [info] Yeni coin: C6jNzFYa2c - analiz 90s sonra
10:23:59 INFO    [info] Yeni coin: 7KS4DgKHmg - analiz 90s sonra
10:24:00 INFO    [warn] Takip edilen cuzdan yok - once skorlayip takibe alin
10:24:17 INFO    [info] Yeni coin: 2WgKt3bDBv - analiz 90s sonra
10:24:17 INFO    [info] Yeni coin: GTSTb9GLoc - analiz 90s sonra
10:24:47 INFO    [info] Yeni coin: CFKmN8qFBN - analiz 90s sonra
10:24:49 INFO    [info] Yeni coin: 66EbUDsDv5 - analiz 90s sonra
10:25:14 INFO    [info] Yeni coin: FBW1PDXuuv - analiz 90s sonra
10:25:20 INFO    [info] Yeni coin: DvvirQeofd - analiz 90s sonra
10:25:22 INFO    [info] Yeni coin: 7agJc7CXyd - analiz 90s sonra
10:25:59 INFO    [info] Yeni coin: CPrbWgQaer - analiz 90s sonra
10:26:00 INFO    [warn] Takip edilen cuzdan yok - once skorlayip takibe alin
10:26:02 INFO    [info] Yeni coin: BReXUDDTNu - analiz 90s sonra
10:26:04 INFO    [info] Yeni coin: BTAW7K8djc - analiz 90s sonra
10:26:26 INFO    [info] Yeni coin: Ht8hdfmQUX - analiz 90s sonra
10:26:41 INFO    [info] Yeni coin: 4AE4PVE31g - analiz 90s sonra
10:26:53 INFO    [info] Yeni coin: 6WcaWWa6S4 - analiz 90s sonra
10:26:55 INFO    [info] Yeni coin: G9VQ4hkqKe - analiz 90s sonra
10:27:01 INFO    [info] Yeni coin: 2aqFR3WxWF - analiz 90s sonra
10:27:42 INFO    [info] Yeni coin: 24xZjRHtni - analiz 90s sonra
10:27:42 INFO    [info] Yeni coin: 6KcXjzka8w - analiz 90s sonra
10:27:43 INFO    [info] Yeni coin: DU75TDiBN1 - analiz 90s sonra
10:27:49 INFO    [info] Yeni coin: Ax3AR7Qx8u - analiz 90s sonra
10:27:50 INFO    [info] Yeni coin: 6KC8G8mDsT - analiz 90s sonra
10:27:54 WARNING RPC hiz limiti (429) - RPC_RPS dusurun veya plani yukseltin
10:27:59 INFO    [info] Yeni coin: EsFCKCFKjV - analiz 90s sonra
10:28:00 INFO    [warn] Takip edilen cuzdan yok - once skorlayip takibe alin
10:28:01 INFO    [info] Yeni coin: AjBJB6Scwj - analiz 90s sonra
INFO:     127.0.0.1:50302 - "GET /api/status HTTP/1.1" 200 OK
INFO:     127.0.0.1:50303 - "GET /api/coins/stats HTTP/1.1" 200 OK
10:28:02 INFO    [info] Yeni coin: BkC7S4xANn - analiz 90s sonra
10:28:34 INFO    [info] Yeni coin: 2j8u1J9iem - analiz 90s sonra
10:28:44 INFO    [info] Yeni coin: VtDu4JkawG - analiz 90s sonra
10:28:45 INFO    [info] Yeni coin: 3WzoHZQbkF - analiz 90s sonra
10:29:05 INFO    [info] Yeni coin: EdBEwPyso3 - analiz 90s sonra
10:29:28 INFO    [info] Yeni coin: 24xaFEX2gx - analiz 90s sonra
10:29:33 INFO    [info] Yeni coin: 6F4kqcHZfz - analiz 90s sonra
10:29:35 INFO    [info] Yeni coin: DW7odrazye - analiz 90s sonra
10:29:39 INFO    [info] Yeni coin: 24xaRkVwqz - analiz 90s sonra
10:29:41 INFO    [info] Yeni coin: 5gaTowriex - analiz 90s sonra
10:29:41 INFO    [info] Yeni coin: FWhaRnpSHz - analiz 90s sonra
10:29:49 WARNING RPC hiz limiti (429) - RPC_RPS dusurun veya plani yukseltin
10:29:53 INFO    [info] Yeni coin: 9YS6K5j26t - analiz 90s sonra
10:29:54 INFO    [info] Yeni coin: 6GHjCztUCS - analiz 90s sonra
10:30:00 INFO    [warn] Takip edilen cuzdan yok - once skorlayip takibe alin
10:30:24 INFO    [info] Yeni coin: HXQxwBojEn - analiz 90s sonra
10:30:25 INFO    [info] Yeni coin: HPZtHAugA7 - analiz 90s sonra
10:31:20 INFO    [info] Yeni coin: GAiq6d3kUv - analiz 90s sonra
10:31:20 INFO    [info] Yeni coin: 2WoC1EU5MD - analiz 90s sonra
10:31:22 INFO    [info] Yeni coin: AadsQjBm7A - analiz 90s sonra
10:31:22 INFO    [info] Yeni coin: DUFs3KQpHX - analiz 90s sonra
10:31:34 INFO    [info] Yeni coin: E4bjpDWjRj - analiz 90s sonra
10:31:35 INFO    [info] Yeni coin: 8o8DQFhrhF - analiz 90s sonra
10:31:35 INFO    [info] Yeni coin: 6cECT92RKq - analiz 90s sonra
10:31:35 INFO    [info] Yeni coin: 6WQDk4kisU - analiz 90s sonra
10:31:35 INFO    [info] Yeni coin: FWpvGH2n11 - analiz 90s sonra
10:31:57 INFO    [info] Yeni coin: 24xatvyu9H - analiz 90s sonra
10:32:00 INFO    [warn] Takip edilen cuzdan yok - once skorlayip takibe alin
10:32:02 INFO    [info] Yeni coin: 7cZYTmaiPG - analiz 90s sonra
10:32:14 INFO    [info] Yeni coin: HxgDM5LgrM - analiz 90s sonra
10:32:18 INFO    [info] Yeni coin: 98x2h1KZ46 - analiz 90s sonra
10:32:45 INFO    [info] Yeni coin: tX8hoiaTNj - analiz 90s sonra
10:32:56 INFO    [info] Yeni coin: Htg1h4ireH - analiz 90s sonra
10:33:19 INFO    [success] [PAPER] ALINDI The Odyssean Owl - 0.1000 SOL @ $0.00000980 (slipaj %1.68, fee 0.00200 SOL)
10:33:22 INFO    [info] Yeni coin: HuRiPM8Puh - analiz 90s sonra
10:33:24 INFO    [info] Yeni coin: HUdxtTvhtV - analiz 90s sonra
10:33:26 INFO    [info] Yeni coin: 6WET9hg8GB - analiz 90s sonra
10:33:30 INFO    [info] Yeni coin: zzE4Dd1eP6 - analiz 90s sonra
10:33:31 WARNING RPC hiz limiti (429) - RPC_RPS dusurun veya plani yukseltin
10:33:33 INFO    [info] Yeni coin: HCWGNkP2LZ - analiz 90s sonra
10:33:36 INFO    [info] Yeni coin: AeHtxy3nop - analiz 90s sonra
10:33:41 INFO    [info] Yeni coin: 24xbFrd8Mf - analiz 90s sonra
INFO:     127.0.0.1:50406 - "GET /api/status HTTP/1.1" 200 OK
INFO:     127.0.0.1:50407 - "GET /api/positions HTTP/1.1" 200 OK
10:33:42 INFO    [info] Yeni coin: 5LEyWNBEy3 - analiz 90s sonra
10:33:49 INFO    [info] Yeni coin: 9CnycCwrDo - analiz 90s sonra
10:33:50 INFO    [info] Yeni coin: 8ckWTBRMzF - analiz 90s sonra
10:33:52 INFO    [info] Yeni coin: BoCaWWm5j3 - analiz 90s sonra
10:34:00 INFO    [warn] Takip edilen cuzdan yok - once skorlayip takibe alin
10:34:04 INFO    [info] Yeni coin: jitodontfr - analiz 90s sonra
10:34:13 INFO    [info] Yeni coin: 9WW6pbWXu8 - analiz 90s sonra
10:34:20 INFO    [info] Yeni coin: G4zpqrpH4E - analiz 90s sonra
10:34:22 INFO    [info] Yeni coin: EPjFWdd5Au - analiz 90s sonra
10:34:22 INFO    [info] Yeni coin: 246xES3k2e - analiz 90s sonra
10:34:31 INFO    [info] Yeni coin: G6RamPWW8p - analiz 90s sonra
10:34:37 INFO    [info] Yeni coin: E6gitZndoj - analiz 90s sonra
10:34:56 INFO    [info] Yeni coin: 3cxayNewsr - analiz 90s sonra
10:34:57 INFO    [info] Yeni coin: FjsLDVR28L - analiz 90s sonra
10:34:57 INFO    [info] Yeni coin: EnAnU93T6a - analiz 90s sonra
10:34:57 INFO    [info] Yeni coin: Bp3iiy4Xp6 - analiz 90s sonra
10:34:58 INFO    [info] Yeni coin: FQWPeHVm61 - analiz 90s sonra
10:34:58 INFO    [info] Yeni coin: 9ED1kL9J3t - analiz 90s sonra
10:34:58 INFO    [info] Yeni coin: GyNp7Na2Wd - analiz 90s sonra
10:34:59 INFO    [info] Yeni coin: FYw7gNpjtz - analiz 90s sonra
10:34:59 INFO    [info] Yeni coin: EoEfQ1dbGo - analiz 90s sonra
10:34:59 INFO    [info] Yeni coin: FD5LUFcBqa - analiz 90s sonra
10:35:00 INFO    [info] Yeni coin: ANeHGoGwgE - analiz 90s sonra
10:35:01 INFO    [info] Yeni coin: J6Swgxjw8B - analiz 90s sonra
10:35:02 INFO    [info] Yeni coin: 3EmrQRdbSQ - analiz 90s sonra
10:35:06 INFO    [info] Yeni coin: 3rQWTqxoQ3 - analiz 90s sonra
10:35:06 INFO    [info] Yeni coin: D6Ji7i2iM4 - analiz 90s sonra
10:35:06 INFO    [info] Yeni coin: 2TQMsp1PKp - analiz 90s sonra
10:35:08 INFO    [info] Yeni coin: 58Uevs7jTA - analiz 90s sonra
10:35:09 INFO    [info] Yeni coin: CeAwjR2BMh - analiz 90s sonra
10:35:14 WARNING RPC hiz limiti (429) - RPC_RPS dusurun veya plani yukseltin
10:35:17 INFO    [info] Yeni coin: DGptgFvZh3 - analiz 90s sonra
10:35:23 INFO    [info] Yeni coin: AMs4DBVwpm - analiz 90s sonra
10:35:24 INFO    [info] Yeni coin: 4ySTum69Zr - analiz 90s sonra
10:35:26 INFO    [info] Yeni coin: CvzZAaF8bM - analiz 90s sonra
10:35:29 INFO    [info] Yeni coin: 2HYPA49YTX - analiz 90s sonra
10:35:32 WARNING RPC hiz limiti (429) - RPC_RPS dusurun veya plani yukseltin
10:35:37 INFO    [info] Yeni coin: 3xCSRy4xTr - analiz 90s sonra
10:35:38 INFO    [info] Yeni coin: DChCLzViRT - analiz 90s sonra
10:35:39 INFO    [info] Yeni coin: 9mwYtAcuxW - analiz 90s sonra
10:35:47 INFO    [info] Yeni coin: Hh9ZADe46B - analiz 90s sonra
10:35:47 INFO    [info] Yeni coin: 24xbTaPzAs - analiz 90s sonra
10:35:53 INFO    [info] Yeni coin: zqpimLzLik - analiz 90s sonra
10:36:00 INFO    [warn] Takip edilen cuzdan yok - once skorlayip takibe alin
10:36:01 INFO    [info] Yeni coin: E5gr3GzpPP - analiz 90s sonra
10:36:02 INFO    [info] Yeni coin: FsQMhkTrTx - analiz 90s sonra
10:36:03 WARNING RPC hiz limiti (429) - RPC_RPS dusurun veya plani yukseltin
10:36:06 INFO    [info] Yeni coin: 21w3P7Jj4n - analiz 90s sonra
10:36:07 INFO    [info] Yeni coin: 88eGukgASX - analiz 90s sonra
10:36:07 INFO    [info] Yeni coin: FeemMFrMkH - analiz 90s sonra
10:36:07 INFO    [info] Yeni coin: 7tsdGPg2Sr - analiz 90s sonra
10:36:08 INFO    [info] Yeni coin: 6gNCdqcRt7 - analiz 90s sonra
10:36:08 INFO    [info] Yeni coin: BVijVPjx9H - analiz 90s sonra
10:36:08 INFO    [info] Yeni coin: 8C3EonF6RF - analiz 90s sonra
10:36:08 INFO    [info] Yeni coin: F8c3h4FUV9 - analiz 90s sonra
10:36:10 INFO    [info] Yeni coin: E7R3bXasSG - analiz 90s sonra
10:36:10 INFO    [info] Yeni coin: 5Lx5UbQQRh - analiz 90s sonra
10:36:16 INFO    [info] Yeni coin: 4zf25JuwEF - analiz 90s sonra
10:36:16 INFO    [info] Yeni coin: EXKQXXL7to - analiz 90s sonra
10:36:19 INFO    [info] Yeni coin: 4YfQyKDaAv - analiz 90s sonra
10:36:20 INFO    [info] Yeni coin: mD8SmKhawP - analiz 90s sonra
10:36:34 INFO    [info] Yeni coin: 2LMhZEzT6X - analiz 90s sonra
10:36:38 WARNING RPC hiz limiti (429) - RPC_RPS dusurun veya plani yukseltin
10:36:46 INFO    [info] Yeni coin: 2hv8zFaFYA - analiz 90s sonra
10:36:49 INFO    [info] Yeni coin: HrpHTBNRNV - analiz 90s sonra
10:36:57 INFO    [info] Yeni coin: BSxZXHsvWQ - analiz 90s sonra
10:36:59 INFO    [info] Yeni coin: icBojPu56B - analiz 90s sonra
10:37:00 INFO    [info] Yeni coin: HhPar6DV26 - analiz 90s sonra
10:37:02 WARNING RPC hiz limiti (429) - RPC_RPS dusurun veya plani yukseltin
10:37:07 INFO    [info] Yeni coin: 24xcR71nXW - analiz 90s sonra
10:37:10 INFO    [info] Yeni coin: DsCSYAyERY - analiz 90s sonra
10:37:11 INFO    [info] Yeni coin: GcmfYX4q1d - analiz 90s sonra
10:37:14 INFO    [info] Yeni coin: DAGoEaxqrE - analiz 90s sonra
10:37:23 INFO    [info] Yeni coin: 2XaAfAZx1q - analiz 90s sonra
10:37:27 INFO    [info] Yeni coin: AUB8tHmdzv - analiz 90s sonra
10:37:29 INFO    [info] Yeni coin: 3LmkoyHRkF - analiz 90s sonra
10:37:36 WARNING RPC hiz limiti (429) - RPC_RPS dusurun veya plani yukseltin
10:37:41 INFO    [info] Yeni coin: 7Tc94nuVQH - analiz 90s sonra
10:37:49 INFO    [success] [PAPER] ALINDI The Paper Bag Cult  - 0.1000 SOL @ $0.00001823 (slipaj %1.60, fee 0.00200 SOL)
10:37:53 INFO    [info] Yeni coin: EVMbiNxFdN - analiz 90s sonra
10:38:00 INFO    [warn] Takip edilen cuzdan yok - once skorlayip takibe alin
10:38:06 INFO    [info] Yeni coin: AitBXpRbBp - analiz 90s sonra
10:38:06 INFO    [info] Yeni coin: HXZQ8V7mUh - analiz 90s sonra
10:38:13 WARNING RPC hiz limiti (429) - RPC_RPS dusurun veya plani yukseltin
10:38:16 INFO    [info] Yeni coin: GBUFRkxEVd - analiz 90s sonra
10:38:21 INFO    [info] Yeni coin: A9ug2HoQVY - analiz 90s sonra
10:38:22 INFO    [info] Yeni coin: 6UsBgCsgxh - analiz 90s sonra
10:38:22 INFO    [info] Yeni coin: 97M79ex9xx - analiz 90s sonra
10:38:28 INFO    [info] Yeni coin: EeZ7fyBk8t - analiz 90s sonra
10:38:29 INFO    [info] Yeni coin: 4LkohZK1Y6 - analiz 90s sonra
10:38:39 INFO    [info] Yeni coin: 9cTnz3oYvj - analiz 90s sonra
10:38:42 INFO    [info] Yeni coin: 2bLJA4hXff - analiz 90s sonra
10:38:48 WARNING RPC hiz limiti (429) - RPC_RPS dusurun veya plani yukseltin
10:38:48 INFO    [info] Yeni coin: 4MdcYPxqK4 - analiz 90s sonra
10:38:50 INFO    [info] Yeni coin: ASxQ7sjfp6 - analiz 90s sonra
10:38:52 INFO    [info] Yeni coin: BnaCE4ciyU - analiz 90s sonra
10:38:57 INFO    [info] Yeni coin: 7DWdZPZGPg - analiz 90s sonra
10:39:05 INFO    [info] Yeni coin: 3ERqUNdJDN - analiz 90s sonra
10:39:08 INFO    [info] Yeni coin: 39W8MNmY6m - analiz 90s sonra
10:39:09 INFO    [info] Yeni coin: 24xcSgaXFo - analiz 90s sonra
10:39:16 INFO    [info] Yeni coin: 8A7LZkomdH - analiz 90s sonra
10:39:17 INFO    [info] Yeni coin: FXr3viyMU9 - analiz 90s sonra
10:39:18 INFO    [info] Yeni coin: Bw2YrU9jBw - analiz 90s sonra
10:39:18 INFO    [info] Yeni coin: 99VXFE2XJ5 - analiz 90s sonra
10:39:18 INFO    [info] Yeni coin: Cqh9fvD3Fj - analiz 90s sonra
10:39:21 WARNING RPC hiz limiti (429) - RPC_RPS dusurun veya plani yukseltin
10:39:25 INFO    [info] Yeni coin: 1YoEpdF36f - analiz 90s sonra
10:39:25 INFO    [info] Yeni coin: CtnZPJ7SSd - analiz 90s sonra
10:39:25 INFO    [info] Yeni coin: Aa943HTrpD - analiz 90s sonra
10:39:26 INFO    [info] Yeni coin: Eps1qiU8Th - analiz 90s sonra
10:39:27 INFO    [info] Yeni coin: 2EZYhT6nnh - analiz 90s sonra
10:39:27 INFO    [info] Yeni coin: 8PmMZKQ414 - analiz 90s sonra
10:39:28 INFO    [info] Yeni coin: EwV78sQ6QC - analiz 90s sonra
10:39:28 INFO    [info] Yeni coin: CFmA8Nm3kA - analiz 90s sonra
10:39:29 INFO    [info] Yeni coin: 5R3q5eUkhG - analiz 90s sonra
10:39:30 INFO    [info] Yeni coin: F8dJUMMgpD - analiz 90s sonra
10:39:32 INFO    [info] Yeni coin: 2CVfe9m3ef - analiz 90s sonra
10:39:34 INFO    [info] Yeni coin: 4a8jeShMg3 - analiz 90s sonra
10:39:37 INFO    [info] Yeni coin: FoYMTD4TgL - analiz 90s sonra
10:39:38 WARNING RPC hiz limiti (429) - RPC_RPS dusurun veya plani yukseltin
10:39:47 INFO    [info] Yeni coin: 2tfct2hkAK - analiz 90s sonra
10:39:48 INFO    [info] Yeni coin: wQNp8SwPzy - analiz 90s sonra
10:39:49 INFO    [info] Yeni coin: feUZGW3J4V - analiz 90s sonra
10:40:00 INFO    [warn] Takip edilen cuzdan yok - once skorlayip takibe alin
10:40:10 INFO    [info] Yeni coin: 5x4HHJKqML - analiz 90s sonra
10:40:12 INFO    [info] Yeni coin: 3AYi5bSLSc - analiz 90s sonra
10:40:13 INFO    [info] Yeni coin: FTEm9U2VPL - analiz 90s sonra
10:40:21 INFO    [success] [PAPER] ALINDI AVA FONTAINE - 0.1000 SOL @ $0.00000656 (slipaj %1.78, fee 0.00200 SOL)
10:40:21 INFO    [info] Yeni coin: 8Cpo2nvDXr - analiz 90s sonra
10:40:22 INFO    [info] Yeni coin: 3jyaFHHkRE - analiz 90s sonra
10:40:27 WARNING RPC hiz limiti (429) - RPC_RPS dusurun veya plani yukseltin
10:40:28 INFO    [info] Yeni coin: CB31mcyhmV - analiz 90s sonra
10:40:30 INFO    [info] Yeni coin: DDu5jzf2Qh - analiz 90s sonra
10:40:44 INFO    [info] Yeni coin: DqqbbgrKmG - analiz 90s sonra
10:40:49 INFO    [info] Yeni coin: 2VLkCDYdmt - analiz 90s sonra
10:40:55 WARNING RPC hiz limiti (429) - RPC_RPS dusurun veya plani yukseltin
10:40:55 INFO    [info] Yeni coin: 3MuibYY5XC - analiz 90s sonra
10:40:59 INFO    [info] Yeni coin: Fet9oSRCwp - analiz 90s sonra
10:41:05 INFO    [info] Yeni coin: 1wjeueXJL7 - analiz 90s sonra
10:41:09 INFO    [info] Yeni coin: 2doGAtvYTN - analiz 90s sonra
10:41:10 INFO    [error] Stop loss: The Odyssean Owl (-32.2%)
10:41:10 INFO    [info] [PAPER] SATIS The Odyssean Owl stop_loss %100 -> 0.06431 SOL (fee 0.00166)
10:41:10 INFO    [error] [PAPER] The Odyssean Owl | stop_loss %100 | PnL -33.22% (-0.0367 SOL)
10:41:15 INFO    [info] Yeni coin: Gb19ddvX52 - analiz 90s sonra
10:41:18 INFO    [info] Yeni coin: BLLSTgkKGy - analiz 90s sonra
10:41:19 INFO    [info] Yeni coin: 2hYpeGgBGk - analiz 90s sonra
10:41:19 INFO    [info] Yeni coin: 2dTa77qwGS - analiz 90s sonra
10:41:20 INFO    [info] Yeni coin: KT54vtXbJQ - analiz 90s sonra
10:41:34 WARNING RPC hiz limiti (429) - RPC_RPS dusurun veya plani yukseltin
10:41:36 INFO    [info] Yeni coin: EosU1TsbgH - analiz 90s sonra
10:41:37 INFO    [info] Yeni coin: FXs7yTBzp1 - analiz 90s sonra
10:41:40 INFO    [info] Yeni coin: 8LR4K1yDiN - analiz 90s sonra
10:41:42 INFO    [info] Yeni coin: 9EQSeWY7pD - analiz 90s sonra
10:41:42 INFO    [info] Yeni coin: 9VvLUy17cN - analiz 90s sonra
10:41:45 INFO    [info] Yeni coin: 2mWvVpbaMC - analiz 90s sonra
10:41:48 INFO    [info] Yeni coin: 7C4uNFXx6x - analiz 90s sonra
10:41:54 INFO    [info] Yeni coin: 4WtXBHhuhi - analiz 90s sonra
10:41:55 INFO    [info] Yeni coin: BVEaDToN2U - analiz 90s sonra
10:41:56 WARNING RPC hiz limiti (429) - RPC_RPS dusurun veya plani yukseltin
10:41:58 INFO    [info] Yeni coin: 47py81y5hg - analiz 90s sonra
10:42:00 INFO    [warn] Takip edilen cuzdan yok - once skorlayip takibe alin
10:42:01 INFO    [info] Yeni coin: 7kUw2unnih - analiz 90s sonra
10:42:01 INFO    [info] Yeni coin: CyARBU2uuy - analiz 90s sonra
10:42:05 INFO    [info] Yeni coin: AFCE7BrvSY - analiz 90s sonra
10:42:12 INFO    [info] Yeni coin: 7G7oTbVUKR - analiz 90s sonra
10:42:13 INFO    [info] Yeni coin: 893SBUcAk6 - analiz 90s sonra
10:42:23 INFO    [info] Yeni coin: B4yG7BgrYP - analiz 90s sonra
10:42:27 WARNING RPC hiz limiti (429) - RPC_RPS dusurun veya plani yukseltin
10:42:33 INFO    [info] Yeni coin: 3fqBe1FZm1 - analiz 90s sonra
10:42:40 INFO    [info] Yeni coin: CY39wBNmMd - analiz 90s sonra
10:42:45 INFO    [info] Yeni coin: rdDNScj3fK - analiz 90s sonra
10:42:47 INFO    [info] Yeni coin: 3cb2qx9eQY - analiz 90s sonra
10:42:47 INFO    [info] Yeni coin: 2opwuMnnh8 - analiz 90s sonra
10:42:48 INFO    [info] Yeni coin: 7etRo1LZHA - analiz 90s sonra
10:42:50 WARNING RPC hiz limiti (429) - RPC_RPS dusurun veya plani yukseltin
10:43:03 INFO    [info] Yeni coin: 8FhAXv2tfX - analiz 90s sonra
10:43:11 INFO    [info] Yeni coin: HpHFr1ATxg - analiz 90s sonra
10:43:14 INFO    [info] Yeni coin: BB3iMSKqP5 - analiz 90s sonra
10:43:20 WARNING RPC hiz limiti (429) - RPC_RPS dusurun veya plani yukseltin
10:43:24 INFO    [info] Yeni coin: 8o27yw5YKT - analiz 90s sonra
10:43:24 INFO    [info] Yeni coin: Bs85uLBWBt - analiz 90s sonra
10:43:29 INFO    [info] Yeni coin: Usyh7PoEV3 - analiz 90s sonra
10:43:30 INFO    [info] Yeni coin: CNeiAqQK3j - analiz 90s sonra
10:43:32 INFO    [info] Yeni coin: 9hXQs3hGq4 - analiz 90s sonra
10:43:34 INFO    [info] Yeni coin: BTeRaR2Bbk - analiz 90s sonra
10:43:36 INFO    [info] Yeni coin: FesT9jv9Au - analiz 90s sonra
10:43:41 INFO    [info] Yeni coin: 8v5MNCuWYb - analiz 90s sonra
10:43:45 WARNING RPC hiz limiti (429) - RPC_RPS dusurun veya plani yukseltin
10:44:00 INFO    [warn] Takip edilen cuzdan yok - once skorlayip takibe alin
10:44:01 INFO    [info] Yeni coin: 7dQ8YvGgpE - analiz 90s sonra
10:44:09 WARNING RPC hiz limiti (429) - RPC_RPS dusurun veya plani yukseltin
10:44:17 INFO    [info] Yeni coin: HxB8Jyss5r - analiz 90s sonra
10:44:18 INFO    [info] Yeni coin: SfhCmx2qd6 - analiz 90s sonra
10:44:26 INFO    [info] Yeni coin: 4rmW8FNyx9 - analiz 90s sonra
10:44:29 INFO    [info] Yeni coin: 9bUyFEQFWQ - analiz 90s sonra
10:44:42 INFO    [info] Yeni coin: HPmWj17Jc6 - analiz 90s sonra
10:44:44 INFO    [info] Yeni coin: EQB7QoSnL1 - analiz 90s sonra
10:45:04 INFO    [info] Yeni coin: 7y7q1QXCyg - analiz 90s sonra
10:45:04 INFO    [info] Yeni coin: EqVFVsEFsF - analiz 90s sonra
10:45:04 INFO    [info] Yeni coin: 4DkvHyrZQm - analiz 90s sonra
10:45:05 INFO    [info] Yeni coin: 5C3KV5EQTH - analiz 90s sonra
10:45:08 INFO    [info] Yeni coin: 9YaaP6xy4x - analiz 90s sonra
10:45:09 INFO    [info] Yeni coin: 9vXQeDwEuo - analiz 90s sonra
10:45:11 INFO    [info] Yeni coin: 9ZPxJC3NVD - analiz 90s sonra
10:45:16 INFO    [info] Yeni coin: A4axW4db7T - analiz 90s sonra
10:45:16 INFO    [info] Yeni coin: BgxGikPs4q - analiz 90s sonra
10:45:30 INFO    [info] Yeni coin: 9bTjKvVb1p - analiz 90s sonra
10:45:31 INFO    [info] Yeni coin: 58Rx8MY9m3 - analiz 90s sonra
10:45:37 INFO    [info] Yeni coin: FADpkV6JQa - analiz 90s sonra
10:45:38 INFO    [info] Yeni coin: CbcF8FqDim - analiz 90s sonra
10:45:48 WARNING RPC hiz limiti (429) - RPC_RPS dusurun veya plani yukseltin
10:46:00 INFO    [warn] Takip edilen cuzdan yok - once skorlayip takibe alin
10:46:05 WARNING RPC hiz limiti (429) - RPC_RPS dusurun veya plani yukseltin
10:46:06 INFO    [info] Yeni coin: DuBvNAiYxP - analiz 90s sonra
10:46:25 INFO    [info] Yeni coin: 5ZCtCoLiuX - analiz 90s sonra
10:46:27 WARNING RPC hiz limiti (429) - RPC_RPS dusurun veya plani yukseltin
10:46:29 INFO    [info] Yeni coin: CMuCUyA3n1 - analiz 90s sonra
10:46:38 INFO    [info] Yeni coin: BbkxsL81yA - analiz 90s sonra
10:46:39 INFO    [info] Yeni coin: EHUrEyDMB3 - analiz 90s sonra
10:46:40 INFO    [info] Yeni coin: BTFYJGnZTw - analiz 90s sonra
10:46:42 INFO    [info] Yeni coin: HowUoy3Sov - analiz 90s sonra
10:46:43 INFO    [info] Yeni coin: idhTEUJ8fj - analiz 90s sonra
10:46:43 INFO    [info] Yeni coin: 5A4WF5MjMX - analiz 90s sonra
10:46:43 INFO    [info] Yeni coin: 4HxZkpfuV2 - analiz 90s sonra
10:46:45 INFO    [info] Yeni coin: CyiCohJbSE - analiz 90s sonra
10:46:45 INFO    [info] Yeni coin: VkHxhvYpQG - analiz 90s sonra
10:46:47 WARNING RPC hiz limiti (429) - RPC_RPS dusurun veya plani yukseltin
10:46:50 INFO    [info] Yeni coin: B1HWZBtVWk - analiz 90s sonra
10:46:51 INFO    [info] Yeni coin: 24xcTT5xCK - analiz 90s sonra
10:46:51 INFO    [info] Yeni coin: TKeMnJmDcc - analiz 90s sonra
10:47:05 INFO    [success] [PAPER] ALINDI The Happy Doggo - 0.1000 SOL @ $0.00000960 (slipaj %1.68, fee 0.00200 SOL)
10:47:09 INFO    [info] Yeni coin: 777RJ8Si2Y - analiz 90s sonra
10:47:12 INFO    [info] Yeni coin: 6DsfaqazJz - analiz 90s sonra
10:47:17 INFO    [success] [PAPER] ALINDI In the Air Theory  - 0.1000 SOL @ $0.00000560 (slipaj %1.84, fee 0.00200 SOL)
10:47:17 INFO    [info] Yeni coin: 93rTqnVFvG - analiz 90s sonra
10:47:22 INFO    [info] Yeni coin: 2dnsdDADWo - analiz 90s sonra
10:47:23 INFO    [info] Yeni coin: 8oN1BC1jwb - analiz 90s sonra
10:47:29 INFO    [info] Yeni coin: 4CmYdiShuw - analiz 90s sonra
10:47:29 INFO    [info] Yeni coin: 7yhg7CsvMK - analiz 90s sonra
10:47:33 INFO    [info] Yeni coin: EsnoRcQjjr - analiz 90s sonra
10:47:47 INFO    [info] Yeni coin: Gy4y2SryxF - analiz 90s sonra
10:47:47 INFO    [info] Yeni coin: FQGVdJ8pdt - analiz 90s sonra
10:47:48 WARNING RPC hiz limiti (429) - RPC_RPS dusurun veya plani yukseltin
10:47:50 INFO    [info] Yeni coin: 3dcR6meWbF - analiz 90s sonra
10:47:53 INFO    [info] Yeni coin: 7iBsF19Rop - analiz 90s sonra
10:47:56 INFO    [info] Yeni coin: ePRDg74XjY - analiz 90s sonra
10:48:00 INFO    [warn] Takip edilen cuzdan yok - once skorlayip takibe alin
10:48:03 INFO    [info] Yeni coin: GVShsdPWgq - analiz 90s sonra
10:48:16 INFO    [info] Yeni coin: EihqAqjeFh - analiz 90s sonra
10:48:17 INFO    [info] Yeni coin: gPhxFHXHfQ - analiz 90s sonra
10:48:18 WARNING RPC hiz limiti (429) - RPC_RPS dusurun veya plani yukseltin
10:48:18 INFO    [info] Yeni coin: 7rFSUmUGf7 - analiz 90s sonra
10:48:21 INFO    [info] Yeni coin: FV9yW7HVYA - analiz 90s sonra
10:48:22 INFO    [info] Yeni coin: A1Z6TKsA7m - analiz 90s sonra
10:48:22 INFO    [info] Yeni coin: 6aYWb4fxMo - analiz 90s sonra
10:48:34 INFO    [info] Yeni coin: HDBXgeCUPA - analiz 90s sonra
10:48:37 INFO    [info] Yeni coin: Ffxm9kSnwb - analiz 90s sonra
10:48:40 WARNING RPC hiz limiti (429) - RPC_RPS dusurun veya plani yukseltin
10:48:42 INFO    [info] Yeni coin: AWd8syJiKn - analiz 90s sonra
10:48:49 INFO    [info] Yeni coin: 2th3txrAyV - analiz 90s sonra
10:48:57 INFO    [info] Yeni coin: 5eVjQvZXyW - analiz 90s sonra
10:49:04 INFO    [info] Yeni coin: HJTptG4Zw4 - analiz 90s sonra
10:49:08 INFO    [info] Yeni coin: EAMeZhGmwQ - analiz 90s sonra
10:49:09 WARNING RPC hiz limiti (429) - RPC_RPS dusurun veya plani yukseltin
10:49:13 INFO    [info] Yeni coin: GvSXkTftiu - analiz 90s sonra
10:49:19 INFO    [info] Yeni coin: FnyPJRwR6m - analiz 90s sonra
10:49:20 INFO    [info] Yeni coin: DjsVS43b27 - analiz 90s sonra
10:49:29 INFO    [info] Yeni coin: 6qSwBxptWQ - analiz 90s sonra
10:49:32 INFO    [info] Yeni coin: G1g9piA4ne - analiz 90s sonra
10:49:39 INFO    [info] Yeni coin: DwV2YGgRgS - analiz 90s sonra
10:49:42 WARNING RPC hiz limiti (429) - RPC_RPS dusurun veya plani yukseltin
10:49:43 INFO    [info] Yeni coin: EyD4qwK1X6 - analiz 90s sonra
10:49:43 INFO    [info] Yeni coin: 9cabtXtRqD - analiz 90s sonra
10:49:45 INFO    [info] Yeni coin: 5Z7kKpwChM - analiz 90s sonra
10:49:47 INFO    [info] Yeni coin: GMuWYCNVh5 - analiz 90s sonra
10:49:47 INFO    [info] Yeni coin: 2fTBC3Q2dw - analiz 90s sonra
10:49:51 INFO    [info] Yeni coin: GBBSRrm7Fk - analiz 90s sonra
10:49:52 INFO    [info] Yeni coin: 9pEs3RGfct - analiz 90s sonra
10:49:56 INFO    [info] Yeni coin: 6PifStxNST - analiz 90s sonra
10:49:59 WARNING RPC hiz limiti (429) - RPC_RPS dusurun veya plani yukseltin
10:50:00 INFO    [warn] Takip edilen cuzdan yok - once skorlayip takibe alin
10:50:05 INFO    [info] Yeni coin: E1oJvWiJmZ - analiz 90s sonra
10:50:07 INFO    [info] Yeni coin: 3LEkvKZ3au - analiz 90s sonra
10:50:07 INFO    [info] Yeni coin: 356DEzR8JL - analiz 90s sonra
10:50:07 INFO    [info] Yeni coin: G3ZmMrPZEy - analiz 90s sonra
10:50:07 INFO    [info] Yeni coin: 8qZut1SY8z - analiz 90s sonra
10:50:08 INFO    [info] Yeni coin: 5ZKEe2cX84 - analiz 90s sonra
10:50:27 WARNING RPC hiz limiti (429) - RPC_RPS dusurun veya plani yukseltin
10:50:27 INFO    [info] Yeni coin: G8y1CCcYmS - analiz 90s sonra
10:50:29 INFO    [info] Yeni coin: 4xFY7tmmUR - analiz 90s sonra
10:50:30 INFO    [info] Yeni coin: 4uHE2UHQeJ - analiz 90s sonra
10:50:38 INFO    [info] Yeni coin: cXbxCtRLd1 - analiz 90s sonra
10:50:42 INFO    [info] Yeni coin: GBeNApey1S - analiz 90s sonra
10:50:48 WARNING RPC hiz limiti (429) - RPC_RPS dusurun veya plani yukseltin
10:50:53 INFO    [info] Yeni coin: CphKHRRkv2 - analiz 90s sonra
10:50:59 INFO    [info] Yeni coin: DJfUS8LTq2 - analiz 90s sonra
10:51:00 INFO    [info] Yeni coin: 8ZYEiDKrT3 - analiz 90s sonra
10:51:03 INFO    [info] Yeni coin: GPKCDX5EBf - analiz 90s sonra
10:51:03 INFO    [info] Yeni coin: 76wC9UvdvH - analiz 90s sonra
10:51:06 INFO    [info] Yeni coin: F7SPrfJjKK - analiz 90s sonra
10:51:07 INFO    [info] Yeni coin: CQ18QhqZo5 - analiz 90s sonra
10:51:09 INFO    [info] Yeni coin: Fncah5sSB6 - analiz 90s sonra
10:51:10 WARNING RPC hiz limiti (429) - RPC_RPS dusurun veya plani yukseltin
10:51:16 INFO    [info] Yeni coin: ejiYm9USJY - analiz 90s sonra
10:51:26 INFO    [info] Yeni coin: 9Yg3XN3dsN - analiz 90s sonra
10:51:29 INFO    [info] Yeni coin: HdzqusPQWK - analiz 90s sonra
10:51:31 INFO    [info] Yeni coin: cjH2zK7kMy - analiz 90s sonra
10:51:32 INFO    [info] Yeni coin: 77CUsysCrS - analiz 90s sonra
10:51:32 INFO    [info] Yeni coin: Ba285unk1x - analiz 90s sonra
10:51:33 INFO    [info] Yeni coin: s1uUzCVemz - analiz 90s sonra
10:51:34 INFO    [info] Yeni coin: ew7hZVDjtY - analiz 90s sonra
10:51:34 INFO    [info] Yeni coin: BUJsUdjB3J - analiz 90s sonra
10:51:34 INFO    [info] Yeni coin: 2YbKV2JEL7 - analiz 90s sonra
10:51:35 INFO    [info] Yeni coin: GXRtKcLr85 - analiz 90s sonra
10:51:35 INFO    [info] Yeni coin: 5TTeHCTxqJ - analiz 90s sonra
10:51:38 INFO    [info] Yeni coin: BeGutZV987 - analiz 90s sonra
10:51:38 INFO    [info] Yeni coin: 8cWPXqkgZy - analiz 90s sonra
10:51:43 INFO    [info] Yeni coin: EMLr7vDwfg - analiz 90s sonra
10:51:43 INFO    [info] Yeni coin: HKPArHbyVM - analiz 90s sonra
10:51:43 INFO    [info] Yeni coin: AFdVSdnUvL - analiz 90s sonra
10:51:44 INFO    [info] Yeni coin: EEN7FLZa5o - analiz 90s sonra
10:51:44 INFO    [info] Yeni coin: 7RV7ftgkcy - analiz 90s sonra
10:51:44 INFO    [info] Yeni coin: 9r8JtEtJmn - analiz 90s sonra
10:51:44 INFO    [info] Yeni coin: GRQz1c9R8b - analiz 90s sonra
10:51:45 INFO    [info] Yeni coin: HAgQ5TKi84 - analiz 90s sonra
10:51:45 INFO    [info] Yeni coin: 7d7WEY5dPV - analiz 90s sonra
10:51:45 INFO    [info] Yeni coin: AQjDuejZWo - analiz 90s sonra
10:51:46 INFO    [info] Yeni coin: 7vhoFTYfeZ - analiz 90s sonra
10:51:47 INFO    [info] Yeni coin: 9AeBz2ynvH - analiz 90s sonra
10:51:49 INFO    [info] Yeni coin: 6adqbiRMaA - analiz 90s sonra
10:51:54 WARNING RPC hiz limiti (429) - RPC_RPS dusurun veya plani yukseltin
10:51:56 INFO    [info] Yeni coin: 2C7q3F6VK8 - analiz 90s sonra
10:52:00 INFO    [warn] Takip edilen cuzdan yok - once skorlayip takibe alin
10:52:01 INFO    [info] Yeni coin: CYk2kSAjM6 - analiz 90s sonra
10:52:02 INFO    [info] Yeni coin: oar8G76zTR - analiz 90s sonra
10:52:03 INFO    [info] Yeni coin: Euckj3CsFp - analiz 90s sonra
10:52:09 INFO    [info] Yeni coin: 7qrR4KeU4J - analiz 90s sonra
10:52:10 INFO    [info] Yeni coin: GsEr5iiHKQ - analiz 90s sonra
10:52:21 INFO    [info] Yeni coin: ASm1unGFqD - analiz 90s sonra
10:52:24 WARNING RPC hiz limiti (429) - RPC_RPS dusurun veya plani yukseltin
10:52:30 INFO    [info] Yeni coin: 2jsZu2cmgU - analiz 90s sonra
10:52:36 INFO    [info] Yeni coin: DSi8WiWTet - analiz 90s sonra
10:52:39 INFO    [info] Yeni coin: 6TrxnY4pmK - analiz 90s sonra
10:52:42 INFO    [info] Yeni coin: 9ojr4x3ht2 - analiz 90s sonra
10:52:51 INFO    [warn] Helius baglantisi koptu (ConnectionClosedError), 5s sonra tekrar denenecek
10:53:00 INFO    [success] Helius websocket baglandi, pump.fun dinleniyor
INFO:     127.0.0.1:50720 - "GET /api/status HTTP/1.1" 200 OK
INFO:     127.0.0.1:50721 - "GET /api/coins/stats HTTP/1.1" 200 OK
INFO:     127.0.0.1:50722 - "GET /api/paper HTTP/1.1" 200 OK
10:53:04 INFO    [info] Yeni coin: 5cRw1J2kPR - analiz 90s sonra
10:53:04 INFO    [info] Yeni coin: 4n9eZEzDqt - analiz 90s sonra
10:53:07 INFO    [info] Yeni coin: 8tKZsQk9UL - analiz 90s sonra
INFO:     127.0.0.1:50734 - "GET /api/positions HTTP/1.1" 200 OK
10:53:12 INFO    [info] Yeni coin: Rs33k9K2J5 - analiz 90s sonra
10:53:17 INFO    [info] Yeni coin: AzwwV9Uocf - analiz 90s sonra
10:53:20 INFO    [info] Yeni coin: 5xLsvKbWbS - analiz 90s sonra
10:53:26 INFO    [info] Yeni coin: BH2Z1BURbL - analiz 90s sonra
10:53:27 INFO    [info] Yeni coin: UatuSC1NAE - analiz 90s sonra
10:53:30 INFO    [info] Yeni coin: HVamPXBNUA - analiz 90s sonra
10:53:35 INFO    [info] Yeni coin: 3pq1ZC1yrF - analiz 90s sonra
10:53:35 WARNING RPC hiz limiti (429) - RPC_RPS dusurun veya plani yukseltin
10:53:37 INFO    [info] Yeni coin: 56nMnVhQrg - analiz 90s sonra
10:53:38 INFO    [info] Yeni coin: 1qXhs18xfL - analiz 90s sonra
10:53:39 INFO    [info] Yeni coin: 9BnpZeL3TQ - analiz 90s sonra
10:53:39 INFO    [info] Yeni coin: FZDYxKXu19 - analiz 90s sonra
10:53:40 INFO    [info] Yeni coin: 5CWgVrU5JZ - analiz 90s sonra
10:53:44 INFO    [info] Yeni coin: EuNpHc9TKK - analiz 90s sonra
10:53:47 INFO    [info] Yeni coin: 5XSX2wY4tb - analiz 90s sonra
10:53:58 INFO    [info] Yeni coin: CwnYxc1qty - analiz 90s sonra
10:54:00 INFO    [warn] Takip edilen cuzdan yok - once skorlayip takibe alin
10:54:11 INFO    [info] Yeni coin: 97b8tMc3tt - analiz 90s sonra
10:54:14 INFO    [info] Yeni coin: kb6JYZHqKL - analiz 90s sonra
10:54:15 INFO    [info] Yeni coin: CEQzcRsFwz - analiz 90s sonra
10:54:16 INFO    [info] Yeni coin: FmDRmWSDe7 - analiz 90s sonra
10:54:22 INFO    [info] Yeni coin: Geizyu1X35 - analiz 90s sonra
10:54:25 INFO    [error] Stop loss: The Happy Doggo (-31.3%)
10:54:25 INFO    [info] [PAPER] SATIS The Happy Doggo stop_loss %100 -> 0.06541 SOL (fee 0.00168)
10:54:25 INFO    [error] [PAPER] The Happy Doggo | stop_loss %100 | PnL -32.37% (-0.0356 SOL)
10:54:26 WARNING RPC hiz limiti (429) - RPC_RPS dusurun veya plani yukseltin
10:54:28 INFO    [info] Yeni coin: FTTuPQWgJR - analiz 90s sonra
10:54:29 INFO    [info] Yeni coin: 5jbXUnDfB5 - analiz 90s sonra
10:54:34 INFO    [info] Yeni coin: 6GP2F3QdAS - analiz 90s sonra
10:54:34 INFO    [info] Yeni coin: FnhSaFdjmx - analiz 90s sonra
10:54:34 INFO    [info] Yeni coin: f8fsMXHxgn - analiz 90s sonra
10:54:38 INFO    [info] Yeni coin: yGRSarENNm - analiz 90s sonra
10:54:44 INFO    [info] Yeni coin: AoWxC2uTBD - analiz 90s sonra
10:54:48 INFO    [info] Yeni coin: 55bQmzbWe4 - analiz 90s sonra
10:54:55 INFO    [info] Yeni coin: 9F5mu4fbu7 - analiz 90s sonra
10:54:57 INFO    [info] Yeni coin: 24xccaWhyS - analiz 90s sonra
10:54:57 INFO    [info] Yeni coin: 3p4F9k9Mhv - analiz 90s sonra
10:55:04 INFO    [info] Yeni coin: 5BzaPaSv5A - analiz 90s sonra
10:55:04 INFO    [info] Yeni coin: 8oSWLyV1Q6 - analiz 90s sonra
10:55:07 INFO    [success] [PAPER] ALINDI bing chilling - 0.1000 SOL @ $0.00000848 (slipaj %1.72, fee 0.00200 SOL)
10:55:11 INFO    [info] Yeni coin: 3MVsLc6PJ8 - analiz 90s sonra
10:55:17 INFO    [info] Yeni coin: HTvt87eqcN - analiz 90s sonra
10:55:17 WARNING RPC hiz limiti (429) - RPC_RPS dusurun veya plani yukseltin
10:55:18 INFO    [info] Yeni coin: 9uYWiRDyJe - analiz 90s sonra
10:55:18 INFO    [info] Yeni coin: 7zbDiAWuds - analiz 90s sonra
10:55:22 INFO    [info] Yeni coin: WBDH1JbDyD - analiz 90s sonra
10:55:23 INFO    [info] Yeni coin: 5eGfTbkr5D - analiz 90s sonra
10:55:26 INFO    [info] Yeni coin: Gw8ECtzQGc - analiz 90s sonra
10:55:33 INFO    [info] Yeni coin: HAShAXCFJ6 - analiz 90s sonra
10:55:51 INFO    [info] Yeni coin: 8exUjZ4sji - analiz 90s sonra
10:55:51 WARNING RPC hiz limiti (429) - RPC_RPS dusurun veya plani yukseltin
10:55:55 INFO    [info] Yeni coin: 352yUG62Ky - analiz 90s sonra
10:55:56 INFO    [info] Yeni coin: 4fcR7p9HUj - analiz 90s sonra
10:55:57 INFO    [info] Yeni coin: FdBurpfm2s - analiz 90s sonra
10:55:57 INFO    [info] Yeni coin: DU3mYvfvMY - analiz 90s sonra
10:56:00 INFO    [warn] Takip edilen cuzdan yok - once skorlayip takibe alin
10:56:04 INFO    [info] Yeni coin: GDthKey1FE - analiz 90s sonra
10:56:07 INFO    [info] Yeni coin: 4343PGSEEa - analiz 90s sonra
10:56:08 WARNING RPC hiz limiti (429) - RPC_RPS dusurun veya plani yukseltin
10:56:15 INFO    [info] Yeni coin: EVA2K6vSg4 - analiz 90s sonra
10:56:21 INFO    [info] Yeni coin: BKwJjXngmy - analiz 90s sonra
10:56:30 INFO    [info] Yeni coin: EFk5uWMUk1 - analiz 90s sonra
10:56:31 INFO    [info] Yeni coin: HkAotvUzag - analiz 90s sonra
10:56:31 INFO    [success] [PAPER] ALINDI outbid - 0.1000 SOL @ $0.00000977 (slipaj %1.78, fee 0.00200 SOL)
10:56:33 INFO    [info] Yeni coin: 68npGuPa3q - analiz 90s sonra
10:56:46 WARNING RPC hiz limiti (429) - RPC_RPS dusurun veya plani yukseltin
10:56:50 INFO    [info] Yeni coin: 6rFFW1QKM2 - analiz 90s sonra
10:56:51 INFO    [info] Yeni coin: Bgsvh2tG9m - analiz 90s sonra
10:56:52 INFO    [info] Yeni coin: 83hJDxkvQp - analiz 90s sonra
10:56:54 INFO    [info] Yeni coin: 54fiemuKX5 - analiz 90s sonra
10:56:57 INFO    [info] Yeni coin: CMsQSvd2GT - analiz 90s sonra
10:57:00 INFO    [info] Yeni coin: 2r7W5yCB5b - analiz 90s sonra
10:57:02 INFO    [info] Yeni coin: EJaCXPiGYQ - analiz 90s sonra
10:57:06 INFO    [info] Yeni coin: AvXLTYZAQv - analiz 90s sonra
10:57:07 INFO    [info] Yeni coin: 4imBxtgrGp - analiz 90s sonra
10:57:07 INFO    [info] Yeni coin: 5TVqk2kWMk - analiz 90s sonra
10:57:08 INFO    [info] Yeni coin: 83t3rUN28k - analiz 90s sonra
10:57:10 WARNING RPC hiz limiti (429) - RPC_RPS dusurun veya plani yukseltin
10:57:14 INFO    [info] Yeni coin: 5uvCrGnzFR - analiz 90s sonra
10:57:16 INFO    [error] Stop loss: outbid (-48.6%)
10:57:16 INFO    [info] [PAPER] SATIS outbid stop_loss %100 -> 0.04862 SOL (fee 0.00151)
10:57:16 INFO    [error] [PAPER] outbid | stop_loss %100 | PnL -49.38% (-0.0524 SOL)
10:57:27 INFO    [info] Yeni coin: 4viTiVtL7d - analiz 90s sonra
10:57:34 INFO    [info] Yeni coin: 6Gko7A5ZVK - analiz 90s sonra
10:57:36 INFO    [info] Yeni coin: 5nEsZTwtCM - analiz 90s sonra
10:57:40 INFO    [info] Yeni coin: 6kfij5WYAV - analiz 90s sonra
10:57:40 INFO    [info] Yeni coin: 5G7wvUGA6q - analiz 90s sonra
10:57:41 WARNING RPC hiz limiti (429) - RPC_RPS dusurun veya plani yukseltin
10:57:42 INFO    [success] [PAPER] ALINDI Fih and Puh - 0.1000 SOL @ $0.00000711 (slipaj %1.75, fee 0.00200 SOL)
10:57:43 INFO    [info] Yeni coin: 3dowCTM8WT - analiz 90s sonra
10:57:58 INFO    [info] Yeni coin: HNxWd33uEV - analiz 90s sonra
10:57:59 INFO    [info] Yeni coin: 4xZkoe4tu4 - analiz 90s sonra
10:58:00 INFO    [info] Yeni coin: 24xd48vMYi - analiz 90s sonra
10:58:00 INFO    [warn] Takip edilen cuzdan yok - once skorlayip takibe alin
10:58:02 INFO    [info] Yeni coin: bDVwrV3kFK - analiz 90s sonra
10:58:03 INFO    [info] Yeni coin: BHutXRzsNL - analiz 90s sonra
10:58:05 INFO    [info] Yeni coin: oVB9XRKo1D - analiz 90s sonra
10:58:10 INFO    [info] Yeni coin: 9beUEwdVGW - analiz 90s sonra
10:58:19 INFO    [info] Yeni coin: CXmJDdCmmV - analiz 90s sonra
10:58:19 INFO    [info] Yeni coin: BDR1Sfckf9 - analiz 90s sonra
10:58:22 INFO    [info] Yeni coin: 7Hjp8EcYmo - analiz 90s sonra
10:58:23 INFO    [info] Yeni coin: 4phxHXtPii - analiz 90s sonra
10:58:23 WARNING RPC hiz limiti (429) - RPC_RPS dusurun veya plani yukseltin
10:58:26 INFO    [info] Yeni coin: E677zf4cWq - analiz 90s sonra
10:58:31 INFO    [info] Yeni coin: 5rsrECy9Cv - analiz 90s sonra
10:58:41 INFO    [info] Yeni coin: 4YP2bnCdpW - analiz 90s sonra
10:58:41 INFO    [info] Yeni coin: DH4fLjCf77 - analiz 90s sonra
10:58:48 INFO    [info] Yeni coin: 77qAEV8bvP - analiz 90s sonra
10:58:49 INFO    [info] Yeni coin: LYvszssmc4 - analiz 90s sonra
10:58:50 INFO    [info] Yeni coin: GWEqqDaT7X - analiz 90s sonra
10:58:59 INFO    [info] Yeni coin: 8fQJEuYKSs - analiz 90s sonra
10:59:05 INFO    [info] Yeni coin: FAJypo8u3R - analiz 90s sonra
10:59:15 INFO    [info] Yeni coin: FbgqzKRtLG - analiz 90s sonra
10:59:15 INFO    [info] Yeni coin: FRg6yYRQjh - analiz 90s sonra
10:59:22 INFO    [info] Yeni coin: FskjGY7v77 - analiz 90s sonra
10:59:34 INFO    [info] Yeni coin: 8V1ETLtKtM - analiz 90s sonra
10:59:34 INFO    [info] Yeni coin: 52wRum6Uem - analiz 90s sonra
10:59:35 INFO    [info] Yeni coin: DpY24cCttV - analiz 90s sonra
10:59:35 INFO    [info] Yeni coin: F9BgZwQvyz - analiz 90s sonra
10:59:36 WARNING RPC hiz limiti (429) - RPC_RPS dusurun veya plani yukseltin
10:59:37 INFO    [info] Yeni coin: HPWk1QtFBn - analiz 90s sonra
10:59:38 INFO    [info] Yeni coin: 4pi5VdDKAN - analiz 90s sonra
10:59:43 INFO    [info] Yeni coin: HXrPKbTzeB - analiz 90s sonra
10:59:44 INFO    [info] Yeni coin: 2RdbnsVBAM - analiz 90s sonra
10:59:45 INFO    [info] Yeni coin: 3xZE16RWWm - analiz 90s sonra
10:59:55 INFO    [info] Yeni coin: 7DoWPxWg7X - analiz 90s sonra
10:59:55 INFO    [info] Yeni coin: G3EZXakNZU - analiz 90s sonra
11:00:00 INFO    [warn] Takip edilen cuzdan yok - once skorlayip takibe alin
11:00:08 INFO    [info] Yeni coin: 4NxozGZvZh - analiz 90s sonra
11:00:14 INFO    [info] Yeni coin: EKMzgQs4Qa - analiz 90s sonra
11:00:14 WARNING RPC hiz limiti (429) - RPC_RPS dusurun veya plani yukseltin
11:00:14 INFO    [info] Yeni coin: 7qoCZV19Da - analiz 90s sonra
11:00:15 INFO    [info] Yeni coin: 7VdVDV7Wgr - analiz 90s sonra
11:00:17 INFO    [info] Yeni coin: 75VFWADpaF - analiz 90s sonra
11:00:50 INFO    [warn] Helius baglantisi koptu (ConnectionClosedError), 5s sonra tekrar denenecek
11:00:56 INFO    [success] Helius websocket baglandi, pump.fun dinleniyor
11:01:15 INFO    [info] Yeni coin: 5KXrKiYyis - analiz 90s sonra
11:01:17 INFO    [info] Yeni coin: 24xdBeho6x - analiz 90s sonra
11:01:26 INFO    [info] Yeni coin: ArZvxEKXnm - analiz 90s sonra
11:01:26 INFO    [info] Yeni coin: AeRasjyhca - analiz 90s sonra
11:01:48 INFO    [info] Yeni coin: 6rksd4346H - analiz 90s sonra
11:01:48 INFO    [info] Yeni coin: 29uXeNzGTM - analiz 90s sonra
11:01:49 INFO    [info] Yeni coin: HfLi6U1g3E - analiz 90s sonra
11:01:49 INFO    [info] Yeni coin: 9dfHzFsh5c - analiz 90s sonra
11:01:49 WARNING RPC hiz limiti (429) - RPC_RPS dusurun veya plani yukseltin
11:02:00 INFO    [warn] Takip edilen cuzdan yok - once skorlayip takibe alin
11:02:02 INFO    [info] Yeni coin: 4uz46yrkdG - analiz 90s sonra
11:02:05 INFO    [info] Yeni coin: BMNEWYengr - analiz 90s sonra
11:02:18 INFO    [info] Yeni coin: FdSUwt13qW - analiz 90s sonra
11:02:21 INFO    [info] Yeni coin: 8hWrwLUV8d - analiz 90s sonra
11:02:32 INFO    [info] Yeni coin: J9p77cpAYN - analiz 90s sonra
11:02:34 INFO    [info] Yeni coin: 3JpJwtYsoF - analiz 90s sonra
11:02:37 INFO    [info] Yeni coin: FWBN11WuvG - analiz 90s sonra
11:02:44 INFO    [warn] Helius baglantisi koptu (ConnectionClosedError), 5s sonra tekrar denenecek
11:02:49 INFO    [success] Helius websocket baglandi, pump.fun dinleniyor
11:02:50 WARNING RPC hiz limiti (429) - RPC_RPS dusurun veya plani yukseltin
11:02:57 INFO    [info] Yeni coin: 24xdC1Z4wU - analiz 90s sonra
11:03:01 INFO    [info] Yeni coin: 9bTpsJgvQk - analiz 90s sonra
11:03:03 INFO    [info] Yeni coin: h194ZQAirE - analiz 90s sonra
11:03:04 INFO    [info] Yeni coin: bd5BiL1Ruf - analiz 90s sonra
11:03:05 INFO    [info] Yeni coin: 7yr3dApB5i - analiz 90s sonra
11:03:13 WARNING RPC hiz limiti (429) - RPC_RPS dusurun veya plani yukseltin
11:03:20 INFO    [info] Yeni coin: FccAjzZVBa - analiz 90s sonra
11:03:21 INFO    [info] Yeni coin: EUpYAzzA6A - analiz 90s sonra
11:03:24 INFO    [info] Yeni coin: AsHjRE8ENZ - analiz 90s sonra
11:03:42 INFO    [info] Yeni coin: ZExy7krMik - analiz 90s sonra
11:03:42 INFO    [info] Yeni coin: DdW2Gtkekp - analiz 90s sonra
11:03:43 INFO    [info] Yeni coin: 2dP2pxfHjE - analiz 90s sonra
11:03:43 INFO    [info] Yeni coin: 7ezQG7HKBf - analiz 90s sonra
11:03:43 INFO    [info] Yeni coin: 8r29CF1csc - analiz 90s sonra
11:03:43 INFO    [info] Yeni coin: GJMSJwJmAX - analiz 90s sonra
11:03:44 INFO    [info] Yeni coin: BU3P3Mf7oU - analiz 90s sonra
11:03:46 INFO    [info] Yeni coin: 3v68Bm65Hz - analiz 90s sonra
11:03:50 INFO    [success] [PAPER] ALINDI \u80c6\u5b50\u771f\u662f\u80a5\u561f\u561f\u7684 - 0.1000 SOL @ $0.00000609 (slipaj %1.81, fee 0.00200 SOL)
11:03:50 INFO    [info] Yeni coin: 72CVpmBqPi - analiz 90s sonra
11:03:56 INFO    [info] Yeni coin: E6RtxyD7Xw - analiz 90s sonra
11:04:00 INFO    [info] Yeni coin: EwrCooFVST - analiz 90s sonra
11:04:00 INFO    [warn] Takip edilen cuzdan yok - once skorlayip takibe alin
11:04:09 INFO    [info] Yeni coin: 6G8V4pC3pF - analiz 90s sonra
11:04:11 INFO    [info] Yeni coin: ApS7oB8gqh - analiz 90s sonra
11:04:11 INFO    [info] Yeni coin: HABpJdaWV2 - analiz 90s sonra
11:04:12 INFO    [info] Yeni coin: 9MUB66sVXk - analiz 90s sonra
11:04:13 INFO    [info] Yeni coin: 3VwRwvx31L - analiz 90s sonra
11:04:14 INFO    [info] Yeni coin: 2YMTVasMNN - analiz 90s sonra
11:04:14 WARNING RPC hiz limiti (429) - RPC_RPS dusurun veya plani yukseltin
11:04:20 INFO    [info] Yeni coin: Fce2BJeoVm - analiz 90s sonra
11:04:30 INFO    [info] Yeni coin: 8oiTdWepQL - analiz 90s sonra
11:04:31 WARNING RPC hiz limiti (429) - RPC_RPS dusurun veya plani yukseltin
11:04:39 INFO    [info] Yeni coin: 24xdEBH9GC - analiz 90s sonra
11:04:40 INFO    [info] Yeni coin: 5DMDMvx5cR - analiz 90s sonra
11:04:45 INFO    [info] Yeni coin: 365ivYVbft - analiz 90s sonra
11:04:46 INFO    [info] Yeni coin: BSjYK8xKRN - analiz 90s sonra
11:04:46 INFO    [info] Yeni coin: 66SzExRjC7 - analiz 90s sonra
11:04:46 INFO    [info] Yeni coin: 9hVAK8R2q5 - analiz 90s sonra
11:04:46 INFO    [info] Yeni coin: 4Mhpb44h1j - analiz 90s sonra
11:04:47 INFO    [info] Yeni coin: 6VcFkVcogE - analiz 90s sonra
11:04:47 INFO    [info] Yeni coin: J4PvsKhfNg - analiz 90s sonra
11:04:48 INFO    [info] Yeni coin: Da5UuNwKhD - analiz 90s sonra
11:04:49 INFO    [info] Yeni coin: 7wb6jZWVn8 - analiz 90s sonra
11:04:52 WARNING RPC hiz limiti (429) - RPC_RPS dusurun veya plani yukseltin
11:04:53 INFO    [info] Yeni coin: J1qPC6tmMc - analiz 90s sonra
11:04:55 INFO    [info] Yeni coin: 7KeU4YUWnq - analiz 90s sonra
11:05:02 INFO    [info] Yeni coin: 7bjDAj3GDX - analiz 90s sonra
11:05:03 INFO    [info] Yeni coin: HVqX8PJMsh - analiz 90s sonra
11:05:08 INFO    [info] Yeni coin: J41MKcEhNb - analiz 90s sonra
11:05:09 INFO    [info] Yeni coin: E2n2oF1PeP - analiz 90s sonra
11:05:10 WARNING RPC hiz limiti (429) - RPC_RPS dusurun veya plani yukseltin
11:05:11 INFO    [info] Yeni coin: 24xdQ71J7e - analiz 90s sonra
11:05:11 INFO    [info] Yeni coin: 24wbCuuqak - analiz 90s sonra
11:05:15 INFO    [info] Yeni coin: D6Ywtcsa6o - analiz 90s sonra
11:05:20 INFO    [info] Yeni coin: 5m2trhyP6s - analiz 90s sonra
11:05:26 WARNING RPC hiz limiti (429) - RPC_RPS dusurun veya plani yukseltin
11:05:38 INFO    [info] Yeni coin: GQCddTTDbz - analiz 90s sonra
11:05:39 INFO    [info] Yeni coin: CPL5XZi2XQ - analiz 90s sonra
11:05:44 INFO    [info] Yeni coin: 24xdTbHwAG - analiz 90s sonra
11:05:49 INFO    [info] Yeni coin: GrrHfjUANq - analiz 90s sonra
11:05:53 INFO    [info] Yeni coin: CmrPE5jpbk - analiz 90s sonra
11:05:58 INFO    [info] Yeni coin: E5AhspLQHb - analiz 90s sonra
11:06:00 INFO    [warn] Takip edilen cuzdan yok - once skorlayip takibe alin
11:06:01 INFO    [info] Yeni coin: 2bLJFJpDZC - analiz 90s sonra
11:06:01 INFO    [info] Yeni coin: 5wSGCSGiiv - analiz 90s sonra
11:06:01 INFO    [info] Yeni coin: AbVZezoRCZ - analiz 90s sonra
11:06:01 INFO    [info] Yeni coin: 2wnZrgFZR4 - analiz 90s sonra
11:06:12 INFO    [warn] Trailing stop: bing chilling (ATH $0.00001258 -> $0.00000819, 0.97x)
11:06:12 INFO    [info] [PAPER] SATIS bing chilling trailing_stop %100 -> 0.09203 SOL (fee 0.00194)
11:06:12 INFO    [error] [PAPER] bing chilling | trailing_stop %100 | PnL -4.81% (-0.0090 SOL)
11:06:14 WARNING RPC hiz limiti (429) - RPC_RPS dusurun veya plani yukseltin
11:06:27 INFO    [success] [PAPER] ALINDI Smoochie The Clone - 0.1000 SOL @ $0.00000625 (slipaj %1.87, fee 0.00200 SOL)
11:06:27 INFO    [info] Yeni coin: 6UThtHjzKn - analiz 90s sonra
11:06:39 INFO    [warn] Helius baglantisi koptu (ConnectionClosedError), 5s sonra tekrar denenecek
11:06:45 INFO    [success] Helius websocket baglandi, pump.fun dinleniyor
11:06:47 INFO    [info] Yeni coin: FSzi7Kv5mB - analiz 90s sonra
11:06:48 WARNING RPC hiz limiti (429) - RPC_RPS dusurun veya plani yukseltin
11:06:55 INFO    [info] Yeni coin: CHDFNw4Qey - analiz 90s sonra
11:06:55 INFO    [info] Yeni coin: 24xdVZSRFK - analiz 90s sonra
11:06:57 INFO    [info] Yeni coin: 61rDc6sd53 - analiz 90s sonra
11:07:16 INFO    [info] Yeni coin: CxAvyNHLoG - analiz 90s sonra
11:07:17 WARNING RPC hiz limiti (429) - RPC_RPS dusurun veya plani yukseltin
11:07:21 INFO    [info] Yeni coin: fdn68JqEKQ - analiz 90s sonra
11:07:24 INFO    [info] Yeni coin: 5QrWfXxQwk - analiz 90s sonra
11:07:25 INFO    [info] Yeni coin: HFnzKiEQtu - analiz 90s sonra
11:07:25 INFO    [info] Yeni coin: 9zXNWMNv3t - analiz 90s sonra
11:07:25 INFO    [info] Yeni coin: gopHXX4paM - analiz 90s sonra
11:07:25 INFO    [info] Yeni coin: 2AWf41WVJZ - analiz 90s sonra
11:07:25 INFO    [info] Yeni coin: AwFZCa6Fri - analiz 90s sonra
11:07:26 INFO    [info] Yeni coin: 7vYvyyuTVp - analiz 90s sonra
11:07:28 INFO    [info] Yeni coin: 5Zyari863s - analiz 90s sonra
11:07:31 INFO    [info] Yeni coin: DpdJwMr6JW - analiz 90s sonra
11:07:46 INFO    [info] Yeni coin: 34KTnTNfJn - analiz 90s sonra
11:07:51 INFO    [info] Yeni coin: 4M7FzV1rd8 - analiz 90s sonra
11:07:52 INFO    [info] Yeni coin: DukNNajA9W - analiz 90s sonra
11:07:52 INFO    [info] Yeni coin: 3MUfGtdhBz - analiz 90s sonra
11:07:53 INFO    [info] Yeni coin: AzJCA4fMpZ - analiz 90s sonra
11:07:53 INFO    [info] Yeni coin: B42PkvVJCA - analiz 90s sonra
11:07:53 INFO    [info] Yeni coin: EWdwPJFyqT - analiz 90s sonra
11:07:54 INFO    [info] Yeni coin: 2bbVgitFrA - analiz 90s sonra
11:08:00 INFO    [warn] Takip edilen cuzdan yok - once skorlayip takibe alin
11:08:01 WARNING RPC hiz limiti (429) - RPC_RPS dusurun veya plani yukseltin
11:08:01 INFO    [info] Yeni coin: G5v2YCaB1s - analiz 90s sonra
11:08:01 INFO    [info] Yeni coin: H1wMskKeMP - analiz 90s sonra
11:08:02 INFO    [info] Yeni coin: Hqi4z7NECZ - analiz 90s sonra
11:08:03 INFO    [info] Yeni coin: 7HuVbYgKsN - analiz 90s sonra
INFO:     127.0.0.1:51125 - "GET /api/status HTTP/1.1" 200 OK
INFO:     127.0.0.1:51126 - "GET /api/paper HTTP/1.1" 200 OK
INFO:     127.0.0.1:51127 - "GET /api/positions HTTP/1.1" 200 OK
11:08:09 INFO    [info] Yeni coin: 86we8Lj4hV - analiz 90s sonra
11:08:09 INFO    [info] Yeni coin: 5NdoVzY4iX - analiz 90s sonra
11:08:09 INFO    [info] Yeni coin: A5LiVPuVNf - analiz 90s sonra
11:08:15 INFO    [info] Yeni coin: 7BVC1m8MwM - analiz 90s sonra
11:08:17 INFO    [info] Yeni coin: 98VP1PLZ5b - analiz 90s sonra
11:08:19 INFO    [info] Yeni coin: HeZAgodbDv - analiz 90s sonra
11:08:20 INFO    [info] Yeni coin: SERQfSio2r - analiz 90s sonra
11:08:22 INFO    [info] Yeni coin: 4hVGbpBtiA - analiz 90s sonra
11:08:22 INFO    [info] Yeni coin: F9NWar87H4 - analiz 90s sonra
11:08:30 INFO    [info] Yeni coin: HcujP5TsbV - analiz 90s sonra
11:08:33 INFO    [info] Yeni coin: 2boyU4nbHW - analiz 90s sonra
11:08:38 INFO    [info] Yeni coin: CvmB43mcZj - analiz 90s sonra
11:08:41 INFO    [info] Yeni coin: Bd8huf2zKZ - analiz 90s sonra
11:08:42 INFO    [info] Yeni coin: 7jncgzaXXe - analiz 90s sonra
11:08:46 INFO    [info] Yeni coin: BLvAQZSxas - analiz 90s sonra
11:08:47 INFO    [info] Yeni coin: 8n4V9PbzN9 - analiz 90s sonra
11:08:48 INFO    [info] Yeni coin: Eo92xjnfrE - analiz 90s sonra
11:08:52 INFO    [info] Yeni coin: BVcVhepFqi - analiz 90s sonra
11:08:54 INFO    [info] Yeni coin: HxWHkM4QD7 - analiz 90s sonra
11:08:55 INFO    [info] Yeni coin: H62MvX7tAT - analiz 90s sonra
11:08:57 WARNING RPC hiz limiti (429) - RPC_RPS dusurun veya plani yukseltin
11:09:03 INFO    [info] Yeni coin: B6FXpyrc37 - analiz 90s sonra
11:09:04 INFO    [info] Yeni coin: 98pDA3775N - analiz 90s sonra
INFO:     127.0.0.1:51169 - "GET / HTTP/1.1" 200 OK
INFO:     127.0.0.1:51172 - "WebSocket /ws" [accepted]
INFO:     connection open
INFO:     127.0.0.1:51169 - "GET /api/positions HTTP/1.1" 200 OK
INFO:     127.0.0.1:51170 - "GET /api/trades HTTP/1.1" 200 OK
INFO:     127.0.0.1:51173 - "GET /api/status HTTP/1.1" 200 OK
INFO:     127.0.0.1:51174 - "GET /api/wallets HTTP/1.1" 200 OK
INFO:     127.0.0.1:51175 - "GET /api/signals?limit=100 HTTP/1.1" 200 OK
INFO:     127.0.0.1:51176 - "GET /api/settings HTTP/1.1" 200 OK
INFO:     127.0.0.1:51176 - "GET /favicon.ico HTTP/1.1" 404 Not Found
11:09:15 INFO    [info] Yeni coin: 29MxMuwtqk - analiz 90s sonra
INFO:     127.0.0.1:51180 - "GET / HTTP/1.1" 200 OK
11:09:30 INFO    [info] Yeni coin: C5qk4tgUcb - analiz 90s sonra
11:09:33 INFO    [info] Yeni coin: ENQ79XACmJ - analiz 90s sonra
11:10:00 INFO    [warn] Takip edilen cuzdan yok - once skorlayip takibe alin
11:10:01 INFO    [info] Yeni coin: AQaHkrs4RL - analiz 90s sonra
11:10:02 INFO    [info] Yeni coin: 3xmUJRveef - analiz 90s sonra
11:10:04 WARNING RPC hiz limiti (429) - RPC_RPS dusurun veya plani yukseltin
11:10:21 INFO    [info] Yeni coin: LZtjKWKkeW - analiz 90s sonra
11:10:26 INFO    [info] Yeni coin: B8e8j53MPL - analiz 90s sonra
11:10:28 INFO    [info] Yeni coin: 9e4T6awXjX - analiz 90s sonra
11:10:28 INFO    [info] Yeni coin: FUXbpVuGnW - analiz 90s sonra
11:10:29 INFO    [info] Yeni coin: 3eGeE4Mcv3 - analiz 90s sonra
11:10:29 INFO    [info] Yeni coin: 83MGw4S5Br - analiz 90s sonra
11:10:29 INFO    [info] Yeni coin: 2n7RFUW6wL - analiz 90s sonra
11:10:31 INFO    [info] Yeni coin: 2Mwtr8xaUP - analiz 90s sonra
11:10:31 INFO    [info] Yeni coin: BsdcrVjmxG - analiz 90s sonra
11:10:32 INFO    [info] Yeni coin: 63t8mmgWem - analiz 90s sonra
11:10:34 INFO    [info] Yeni coin: F9SJRo3AEA - analiz 90s sonra
11:10:37 INFO    [info] Yeni coin: HM9X5onNE2 - analiz 90s sonra
11:10:40 INFO    [info] Yeni coin: 5F239pxzif - analiz 90s sonra
11:10:40 INFO    [info] Yeni coin: UagQnRLQZt - analiz 90s sonra
11:10:43 INFO    [info] Yeni coin: 4RE4dKM6q8 - analiz 90s sonra
11:10:44 INFO    [info] Yeni coin: Ah4VuJFTWt - analiz 90s sonra
11:10:51 WARNING RPC hiz limiti (429) - RPC_RPS dusurun veya plani yukseltin
INFO:     127.0.0.1:51227 - "GET /api/positions HTTP/1.1" 200 OK
11:10:57 INFO    [info] Yeni coin: F8TW488MVb - analiz 90s sonra
11:11:00 INFO    [info] Yeni coin: D456qFfJCR - analiz 90s sonra
11:11:00 INFO    [info] Yeni coin: 2YQZb7oDyQ - analiz 90s sonra
11:11:02 INFO    [info] Yeni coin: C29e1jeFwj - analiz 90s sonra
11:11:02 INFO    [info] Yeni coin: 8wMzhbPVPk - analiz 90s sonra
11:11:04 INFO    [info] Yeni coin: 76NZoaZgY2 - analiz 90s sonra
INFO:     127.0.0.1:51229 - "GET /api/positions HTTP/1.1" 200 OK
INFO:     127.0.0.1:51230 - "GET /api/status HTTP/1.1" 200 OK
11:11:11 INFO    [info] Yeni coin: 6k1ytNvFam - analiz 90s sonra
11:11:12 INFO    [info] Yeni coin: DLf7iWChzC - analiz 90s sonra
11:11:12 INFO    [info] Yeni coin: 21D2eYmU5C - analiz 90s sonra
11:11:22 INFO    Paper gecmisi sifirlandi
11:11:22 INFO    [warn] Paper cuzdan sifirlandi: 2.2039 SOL ($200.00)
INFO:     127.0.0.1:51240 - "POST /api/paper/reset HTTP/1.1" 200 OK
INFO:     127.0.0.1:51241 - "GET /api/status HTTP/1.1" 200 OK
11:11:26 INFO    [info] Yeni coin: 5wcMZgRjwX - analiz 90s sonra
11:11:34 WARNING RPC hiz limiti (429) - RPC_RPS dusurun veya plani yukseltin
11:11:39 INFO    [info] Yeni coin: wr1JKCRiiJ - analiz 90s sonra
11:11:41 INFO    [info] Yeni coin: CCvbzHCVYz - analiz 90s sonra
11:11:48 INFO    [info] Yeni coin: 2q11Jfb7Xc - analiz 90s sonra
11:11:49 INFO    [info] Yeni coin: 3qYns9mJga - analiz 90s sonra
11:12:00 INFO    [warn] Takip edilen cuzdan yok - once skorlayip takibe alin
11:12:06 INFO    [info] Yeni coin: 24xdYezoAr - analiz 90s sonra
11:12:07 INFO    [info] Yeni coin: Gvv9jnnpTo - analiz 90s sonra
11:12:15 INFO    [info] Yeni coin: CaDAeYCFe1 - analiz 90s sonra
11:12:17 WARNING RPC hiz limiti (429) - RPC_RPS dusurun veya plani yukseltin
11:12:18 INFO    [info] Yeni coin: 4xhqdx6nco - analiz 90s sonra
11:12:19 INFO    [info] Yeni coin: V2rSiqm9pM - analiz 90s sonra
11:12:20 INFO    [info] Yeni coin: HdCcLhNJyf - analiz 90s sonra
11:12:39 INFO    [info] Yeni coin: J6Zifp5im7 - analiz 90s sonra
11:12:41 INFO    [info] Yeni coin: G4h1VtxFy7 - analiz 90s sonra
11:12:41 INFO    [info] Yeni coin: 99fC6Pky6G - analiz 90s sonra
11:12:42 INFO    [info] Yeni coin: Bc5Cs5MP6b - analiz 90s sonra
11:12:46 INFO    [info] Yeni coin: 9FpEichGsn - analiz 90s sonra
11:12:47 INFO    [info] Yeni coin: HmR23LTMXR - analiz 90s sonra
11:12:48 INFO    [info] Yeni coin: ARn1up66fi - analiz 90s sonra
11:12:49 INFO    [info] Yeni coin: 8Twnq7gG8z - analiz 90s sonra
11:12:49 INFO    [info] Yeni coin: GYfQwDamRw - analiz 90s sonra
11:12:49 INFO    [info] Yeni coin: GWJ6aeL97t - analiz 90s sonra
11:13:09 INFO    [info] Yeni coin: 5FKxutEjq7 - analiz 90s sonra
11:13:11 INFO    [info] Yeni coin: 4aFMbGxCsa - analiz 90s sonra
11:13:11 INFO    [info] Yeni coin: CLQQ2ZoZeQ - analiz 90s sonra
11:13:12 INFO    [info] Yeni coin: 24xdroBGtC - analiz 90s sonra
11:13:13 INFO    [info] Yeni coin: 8isGcnrZrH - analiz 90s sonra
11:13:13 INFO    [info] Yeni coin: 8WbcgJqJ88 - analiz 90s sonra
11:13:14 INFO    [info] Yeni coin: 5RMWrcsewt - analiz 90s sonra
11:13:15 INFO    [info] Yeni coin: DjBXk7cqkm - analiz 90s sonra
11:13:17 WARNING RPC hiz limiti (429) - RPC_RPS dusurun veya plani yukseltin
11:13:21 INFO    [info] Yeni coin: DfYFvNAAts - analiz 90s sonra
11:13:23 INFO    [info] Yeni coin: EDndiG9Mh9 - analiz 90s sonra
11:13:25 INFO    [info] Yeni coin: 6YE6Vu3dUW - analiz 90s sonra
11:13:25 INFO    [info] Yeni coin: FzgEzUHhPY - analiz 90s sonra
11:13:26 INFO    [info] Yeni coin: HwQdQZuXN1 - analiz 90s sonra
11:13:27 INFO    [info] Yeni coin: 3UEpdpfUMX - analiz 90s sonra
11:13:42 INFO    [info] Yeni coin: BuHb1aiQfj - analiz 90s sonra
11:13:43 INFO    [info] Yeni coin: HuLui1NsfX - analiz 90s sonra
11:13:44 INFO    [info] Yeni coin: 6LToZdFYPW - analiz 90s sonra
11:13:44 INFO    [info] Yeni coin: EUq61XNDEu - analiz 90s sonra
11:13:44 INFO    [info] Yeni coin: F5YBuvDJXU - analiz 90s sonra
11:13:45 INFO    [info] Yeni coin: 9dYgqSkJJK - analiz 90s sonra
11:13:49 INFO    [info] Yeni coin: WFGSagUpy9 - analiz 90s sonra
11:13:50 INFO    [info] Yeni coin: GbmDcvVEL2 - analiz 90s sonra
11:13:50 INFO    [info] Yeni coin: 6onTdD7TVR - analiz 90s sonra
11:13:52 INFO    [info] Yeni coin: 4UoU7GPNop - analiz 90s sonra
11:13:53 INFO    [info] Yeni coin: 8b1RjY1jqV - analiz 90s sonra
11:14:00 INFO    [warn] Takip edilen cuzdan yok - once skorlayip takibe alin
11:14:02 INFO    [info] Yeni coin: QRWX6Kp1W3 - analiz 90s sonra
11:14:05 INFO    [info] Yeni coin: Gkr7QeAYXW - analiz 90s sonra
11:14:08 INFO    [info] Yeni coin: BPuv813jer - analiz 90s sonra
11:14:13 INFO    [info] Yeni coin: 76VzgkiX9o - analiz 90s sonra
11:14:15 INFO    [info] Yeni coin: tVuaf5uSXC - analiz 90s sonra
11:14:16 INFO    [info] Yeni coin: Ana7ze2q4t - analiz 90s sonra
11:14:20 WARNING RPC hiz limiti (429) - RPC_RPS dusurun veya plani yukseltin
11:14:26 INFO    [info] Yeni coin: KHgzwZhktN - analiz 90s sonra
11:14:27 INFO    [info] Yeni coin: 94uoQHbm99 - analiz 90s sonra
11:14:33 INFO    [info] Yeni coin: D6RnZg9RLk - analiz 90s sonra
11:14:40 INFO    [info] Yeni coin: 4FH1LuLUYV - analiz 90s sonra
11:14:42 INFO    [info] Yeni coin: DjvFdJb83f - analiz 90s sonra
11:14:44 WARNING RPC hiz limiti (429) - RPC_RPS dusurun veya plani yukseltin
11:14:51 INFO    [info] Yeni coin: EA9rSr36Yj - analiz 90s sonra
11:14:57 INFO    [info] Yeni coin: 6wNb1PjCL2 - analiz 90s sonra
11:14:59 INFO    [info] Yeni coin: 6NHSKtpKiK - analiz 90s sonra
11:14:59 INFO    [info] Yeni coin: 9LfsRCMVDo - analiz 90s sonra
11:15:00 INFO    [info] Yeni coin: 9FEjXnNsfr - analiz 90s sonra
11:15:04 INFO    [info] Yeni coin: 5r47dAr9tS - analiz 90s sonra
11:15:13 INFO    [info] Yeni coin: AYuLsmghSK - analiz 90s sonra
11:15:18 INFO    [info] Yeni coin: E8w731SfSS - analiz 90s sonra
11:15:20 INFO    [info] Yeni coin: BxgPgxzvmu - analiz 90s sonra
11:15:25 INFO    [info] Yeni coin: 6UtBeeMxWB - analiz 90s sonra
11:15:32 INFO    [info] Yeni coin: Ee6Ee37t1a - analiz 90s sonra
11:15:32 INFO    [info] Yeni coin: 3atMhn6cLN - analiz 90s sonra
11:15:32 INFO    [info] Yeni coin: HshF4WPMjX - analiz 90s sonra
11:15:32 INFO    [info] Yeni coin: FLGtX1giBS - analiz 90s sonra
11:15:33 INFO    [info] Yeni coin: 7J6PVp8stC - analiz 90s sonra
11:15:37 WARNING RPC hiz limiti (429) - RPC_RPS dusurun veya plani yukseltin
11:15:45 INFO    [info] Yeni coin: 4PPRK9XKzW - analiz 90s sonra
11:15:46 INFO    [info] Yeni coin: Ck7JdqX2vY - analiz 90s sonra
11:15:46 INFO    [info] Yeni coin: HhFgFT6iDq - analiz 90s sonra
11:15:48 INFO    [info] Yeni coin: 24xe8tMtMX - analiz 90s sonra
11:15:52 INFO    [success] [PAPER] ALINDI Rodeus - 0.1000 SOL @ $0.00002642 (slipaj %1.58, fee 0.00200 SOL)
11:15:56 INFO    [info] Yeni coin: AbBWgkTuaV - analiz 90s sonra
11:16:00 INFO    [warn] Takip edilen cuzdan yok - once skorlayip takibe alin
11:16:02 INFO    [info] Yeni coin: 82LCyvbM5L - analiz 90s sonra
11:16:03 INFO    [info] Yeni coin: 7v7ieK49Ci - analiz 90s sonra
11:16:13 INFO    [info] Yeni coin: AsPNKs6ZYi - analiz 90s sonra
11:16:16 INFO    [info] Yeni coin: GXnyhEJJUp - analiz 90s sonra
11:16:16 WARNING RPC hiz limiti (429) - RPC_RPS dusurun veya plani yukseltin
11:16:23 INFO    [info] Yeni coin: 5SXZEt71Du - analiz 90s sonra
11:16:27 INFO    [info] Yeni coin: H1mPdVXEHR - analiz 90s sonra
11:16:30 INFO    [info] Yeni coin: x2Nao6nQWE - analiz 90s sonra
11:16:35 INFO    [info] Yeni coin: 2aDpuCDbau - analiz 90s sonra
11:16:37 INFO    [info] Yeni coin: GHXAdz9mEq - analiz 90s sonra
11:16:37 INFO    [info] Yeni coin: 3dbgcy4Jjm - analiz 90s sonra
11:16:41 INFO    [info] Yeni coin: Cz8YBF9UMf - analiz 90s sonra
11:16:41 WARNING RPC hiz limiti (429) - RPC_RPS dusurun veya plani yukseltin
11:16:43 INFO    [info] Yeni coin: CCRG9qRYHs - analiz 90s sonra
11:16:44 INFO    [info] Yeni coin: BU8KCpsYUz - analiz 90s sonra
11:16:47 INFO    [info] Yeni coin: 8VNgJB53HY - analiz 90s sonra
11:16:47 INFO    [info] Yeni coin: CjEGvHUhpd - analiz 90s sonra
11:16:48 INFO    [info] Yeni coin: 8bdNwBhoXT - analiz 90s sonra
11:16:48 INFO    [info] Yeni coin: 5wdLPQ5FJJ - analiz 90s sonra
11:16:48 INFO    [info] Yeni coin: 5V7zZc1DqW - analiz 90s sonra
11:16:51 INFO    [info] Yeni coin: 4yyvaUW5BA - analiz 90s sonra
11:16:51 INFO    [info] Yeni coin: ASvX1XQWkn - analiz 90s sonra
11:16:53 INFO    [info] Yeni coin: 24V3HWsFpy - analiz 90s sonra
11:16:54 INFO    [info] Yeni coin: 5LtWJd5q2i - analiz 90s sonra
11:16:57 INFO    [info] Yeni coin: 22m95dfQVL - analiz 90s sonra
11:16:58 INFO    [info] Yeni coin: AxzAJBG685 - analiz 90s sonra
11:16:59 INFO    [info] Yeni coin: DnUpmpbJw8 - analiz 90s sonra
11:16:59 INFO    [info] Yeni coin: FV16QTCyKB - analiz 90s sonra
11:17:00 INFO    [info] Yeni coin: 7wa6UJM1gV - analiz 90s sonra
11:17:00 INFO    [info] Yeni coin: EyxuS82apc - analiz 90s sonra
11:17:06 INFO    [info] Yeni coin: DNwsXT1Yks - analiz 90s sonra
11:17:06 INFO    [info] Yeni coin: BaKcnNwxRp - analiz 90s sonra
11:17:07 INFO    [info] Yeni coin: 2Y1LDP4dtv - analiz 90s sonra
11:17:07 INFO    [info] Yeni coin: DARauQZaK3 - analiz 90s sonra
11:17:08 INFO    [info] Yeni coin: 5o8GBS65Dp - analiz 90s sonra
11:17:08 INFO    [info] Yeni coin: 7egnZpM6Jh - analiz 90s sonra
11:17:09 INFO    [info] Yeni coin: BFqi3Xuaev - analiz 90s sonra
11:17:09 INFO    [info] Yeni coin: Cqri7pVEPU - analiz 90s sonra
11:17:10 INFO    [info] Yeni coin: 2nGXtJ15j8 - analiz 90s sonra
11:17:10 INFO    [info] Yeni coin: GvMxhUaL5D - analiz 90s sonra
11:17:11 INFO    [info] Yeni coin: AZBaTfSVTt - analiz 90s sonra
11:17:11 WARNING RPC hiz limiti (429) - RPC_RPS dusurun veya plani yukseltin
11:17:11 INFO    [info] Yeni coin: FMksR8R6ij - analiz 90s sonra
11:17:13 INFO    [info] Yeni coin: BbuqDnLNok - analiz 90s sonra
11:17:16 INFO    [info] Yeni coin: A9kTxAvYyY - analiz 90s sonra
11:17:17 INFO    [info] Yeni coin: 7cbQcirCDu - analiz 90s sonra
11:17:18 INFO    [info] Yeni coin: 2sXBPWNTbY - analiz 90s sonra
11:17:19 INFO    [info] Yeni coin: DPcNx7Xazr - analiz 90s sonra
INFO:     127.0.0.1:51395 - "GET /api/status HTTP/1.1" 200 OK
INFO:     127.0.0.1:51396 - "GET /api/paper HTTP/1.1" 200 OK
11:17:20 INFO    [info] Yeni coin: GDDjcqgJRB - analiz 90s sonra
11:17:23 INFO    [info] Yeni coin: 2Cg2g8C7bW - analiz 90s sonra
